2026-08-24 23:49:51,515  root       get_pty         DEBUG    Pty name: /dev/pts/7
2026-08-24 23:49:51,515  root       run             DEBUG    ELM327 OBD-II adapter emulator v3.0.5 started on pseudo-tty port "/dev/pts/7"._______________
2026-08-24 23:49:52,297  root       run             DEBUG    Received 'ATZ'
2026-08-24 23:49:52,297  root       handle_request  DEBUG    Handling: 'ATZ', header '7E0', ECU '7E0'
2026-08-24 23:49:52,298  root       handle_request  DEBUG    Instantiating ECU task "Default ECU Task module" for ECU "7E0"
2026-08-24 23:49:52,300  root       handle_request  DEBUG    Description: AT RESET, PID AT_RESET (ATZ)
2026-08-24 23:49:52,300  root       reset           DEBUG    Resetting counters and sleeping for 0.5 seconds
2026-08-24 23:49:52,801  root       <module>        DEBUG    Reset and sleep 0.5 seconds
2026-08-24 23:49:52,801  root       handle_response DEBUG    Processing: '<writeln>\r\rELM327 v1.5</writeln>'
2026-08-24 23:49:52,801  root       handle_response DEBUG    Write: '\r\rELM327 v1.5\r\r>'
2026-08-24 23:49:53,298  root       run             DEBUG    Received 'ATE0'
2026-08-24 23:49:53,298  root       handle_request  DEBUG    Handling: 'ATE0', header '7E0', ECU '7E0'
2026-08-24 23:49:53,298  root       handle_request  DEBUG    Description: AT ECHO, PID AT_ECHO (ATE0)
2026-08-24 23:49:53,298  root       <module>        DEBUG    set ECHO ON/OFF : False
2026-08-24 23:49:53,298  root       handle_response DEBUG    Processing: '<writeln>OK</writeln>'
2026-08-24 23:49:53,298  root       handle_response DEBUG    Write: 'OK\r\r>'
2026-08-24 23:49:53,298  root       run             DEBUG    Received 'ATH1'
2026-08-24 23:49:53,298  root       handle_request  DEBUG    Handling: 'ATH1', header '7E0', ECU '7E0'
2026-08-24 23:49:53,299  root       handle_request  DEBUG    Description: AT HEADERS, PID AT_USE_HEADERS (ATH1)
2026-08-24 23:49:53,299  root       <module>        DEBUG    set HEADERS ON/OFF : True
2026-08-24 23:49:53,299  root       handle_response DEBUG    Processing: '<writeln>OK</writeln>'
2026-08-24 23:49:53,299  root       handle_response DEBUG    Write: 'OK\r\r>'
2026-08-24 23:49:53,299  root       run             DEBUG    Received 'ATL0'
2026-08-24 23:49:53,299  root       handle_request  DEBUG    Handling: 'ATL0', header '7E0', ECU '7E0'
2026-08-24 23:49:53,299  root       handle_request  DEBUG    Description: AT LINEFEEDS, PID AT_LINEFEEDS (ATL0)
2026-08-24 23:49:53,299  root       <module>        DEBUG    set LINEFEEDS ON/OFF : False
2026-08-24 23:49:53,299  root       handle_response DEBUG    Processing: '<writeln>OK</writeln>'
2026-08-24 23:49:53,299  root       handle_response DEBUG    Write: 'OK\r\r>'
2026-08-24 23:49:53,299  root       run             DEBUG    Received 'AT RV'
2026-08-24 23:49:53,299  root       handle_request  DEBUG    Handling: 'ATRV', header '7E0', ECU '7E0'
2026-08-24 23:49:53,299  root       handle_request  DEBUG    Description: AT read volt, PID AT_R_VOLT (ATRV)
2026-08-24 23:49:53,300  root       <module>        DEBUG    Volt = 13.1
2026-08-24 23:49:53,300  root       handle_response DEBUG    Processing: '<string>13.1</string><writeln>V</writeln>'
2026-08-24 23:49:53,300  root       handle_response DEBUG    Write: '13.1V\r\r>'
2026-08-24 23:49:53,300  root       run             DEBUG    Received 'ATSP0'
2026-08-24 23:49:53,300  root       handle_request  DEBUG    Handling: 'ATSP0', header '7E0', ECU '7E0'
2026-08-24 23:49:53,300  root       handle_request  DEBUG    Description: AT PROTO, PID AT_PROTO (ATSP0)
2026-08-24 23:49:53,300  root       <module>        DEBUG    set PROTO 0
2026-08-24 23:49:53,300  root       handle_response DEBUG    Processing: '<writeln>OK</writeln>'
2026-08-24 23:49:53,300  root       handle_response DEBUG    Write: 'OK\r\r>'
2026-08-24 23:49:54,300  root       run             DEBUG    Received '0100'
2026-08-24 23:49:54,300  root       handle_request  DEBUG    Handling: '0100', header '7E0', ECU '7E0'
2026-08-24 23:49:54,300  root       handle_request  DEBUG    Description: Supported PIDS_A [01-20], PID ELM_PIDS_A (0100)
2026-08-24 23:49:54,301  root       handle_response DEBUG    Processing: '<string>SEARCHING...</string><exec>time.sleep(1.5)</exec><writeln></writeln><header>7E8</header><size>06</size><data>41 00 BE 3F A8 13</data>'
2026-08-24 23:49:54,301  root       handle_response DEBUG    Write: 'SEARCHING...'
2026-08-24 23:49:55,801  root       handle_response DEBUG    Evaluated command: time.sleep(1.5) -> None
2026-08-24 23:49:55,801  root       handle_response DEBUG    Write: '\r7E8 06 41 00 BE 3F A8 13 \r\r>'
2026-08-24 23:49:55,802  root       run             DEBUG    Received 'ATDPN'
2026-08-24 23:49:55,802  root       handle_request  DEBUG    Handling: 'ATDPN', header '7E0', ECU '7E0'
2026-08-24 23:49:55,802  root       handle_request  DEBUG    Description: AT Display Protocol Number, PID AT_DESCRIBE_PROTO_N (ATDPN)
2026-08-24 23:49:56,302  root       handle_response DEBUG    Processing: '<writeln>A6</writeln>'
2026-08-24 23:49:56,302  root       handle_response DEBUG    Write: 'A6\r\r>'
2026-08-24 23:49:56,303  root       run             DEBUG    Received '0100'
2026-08-24 23:49:56,303  root       handle_request  DEBUG    Handling: '0100', header '7E0', ECU '7E0'
2026-08-24 23:49:56,303  root       handle_request  DEBUG    Description: Supported PIDS_A [01-20], PID ELM_PIDS_A (0100)
2026-08-24 23:49:56,303  root       handle_response DEBUG    Processing: '<header>7E8</header><size>06</size><data>41 00 BE 3F A8 13</data>'
2026-08-24 23:49:56,303  root       handle_response DEBUG    Write: '7E8 06 41 00 BE 3F A8 13 \r\r>'
2026-08-24 23:49:56,303  root       run             DEBUG    Received '0120'
2026-08-24 23:49:56,303  root       handle_request  DEBUG    Handling: '0120', header '7E0', ECU '7E0'
2026-08-24 23:49:56,303  root       handle_request  DEBUG    Description: Supported PIDS_B [21-40], PID ELM_PIDS_B (0120)
2026-08-24 23:49:56,303  root       handle_response DEBUG    Processing: '<header>7E8</header><size>06</size><data>41 20 90 15 B0 15</data>'
2026-08-24 23:49:56,303  root       handle_response DEBUG    Write: '7E8 06 41 20 90 15 B0 15 \r\r>'
2026-08-24 23:49:56,304  root       run             DEBUG    Received '0140'
2026-08-24 23:49:56,304  root       handle_request  DEBUG    Handling: '0140', header '7E0', ECU '7E0'
2026-08-24 23:49:56,304  root       handle_request  DEBUG    Description: Supported PIDS_C [41-60], PID ELM_PIDS_C (0140)
2026-08-24 23:49:56,304  root       handle_response DEBUG    Processing: '<header>7E8</header><size>06</size><data>41 40 7A 1C 80 20</data>'
2026-08-24 23:49:56,304  root       handle_response DEBUG    Write: '7E8 06 41 40 7A 1C 80 20 \r\r>'
2026-08-24 23:49:56,304  root       run             DEBUG    Received '0600'
2026-08-24 23:49:56,304  root       handle_request  DEBUG    Handling: '0600', header '7E0', ECU '7E0'
2026-08-24 23:49:56,304  root       handle_request  DEBUG    Description: MIDS_A, PID ELM_MIDS_A (0600)
2026-08-24 23:49:56,304  root       handle_response DEBUG    Processing: '<pos_answer>C0 00 00 01</pos_answer>'
2026-08-24 23:49:56,304  root       handle_response DEBUG    Write: '7E8 05 46 C0 00 00 01 \r\r>'
2026-08-24 23:49:56,304  root       run             DEBUG    Received '0900'
2026-08-24 23:49:56,304  root       handle_request  DEBUG    Handling: '0900', header '7E0', ECU '7E0'
2026-08-24 23:49:56,310  root       handle_request  INFO     Unknown request: '0900', header=7E0
2026-08-24 23:49:56,310  root       handle_response DEBUG    Processing: '<writeln>NO DATA</writeln>'
2026-08-24 23:49:56,310  root       handle_response DEBUG    Write: 'NO DATA\r\r>'
2026-08-24 23:49:56,310  root       run             DEBUG    Received '010C'
2026-08-24 23:49:56,310  root       handle_request  DEBUG    Handling: '010C', header '7E0', ECU '7E0'
2026-08-24 23:49:56,310  root       handle_request  DEBUG    Description: Engine RPM, PID RPM (010C)
2026-08-24 23:49:56,310  root       handle_response DEBUG    Processing: '<header>7E8</header><size>04</size><data>41 0C 14 5F</data>'
2026-08-24 23:49:56,310  root       handle_response DEBUG    Write: '7E8 04 41 0C 14 5F \r\r>'
2026-08-24 23:49:56,311  root       run             DEBUG    Received '010D'
2026-08-24 23:49:56,311  root       handle_request  DEBUG    Handling: '010D', header '7E0', ECU '7E0'
2026-08-24 23:49:56,311  root       handle_request  DEBUG    Description: Vehicle Speed, PID SPEED (010D)
2026-08-24 23:49:56,311  root       handle_response DEBUG    Processing: '<header>7E8</header><size>03</size><data>41 0D 0A</data>'
2026-08-24 23:49:56,311  root       handle_response DEBUG    Write: '7E8 03 41 0D 0A \r\r>'
2026-08-24 23:49:56,311  root       run             DEBUG    Received '0104'
2026-08-24 23:49:56,311  root       handle_request  DEBUG    Handling: '0104', header '7E0', ECU '7E0'
2026-08-24 23:49:56,311  root       handle_request  DEBUG    Description: Calculated Engine Load, PID ENGINE_LOAD (0104)
2026-08-24 23:49:56,311  root       handle_response DEBUG    Processing: '<header>7E8</header><size>03</size><data>41 04 FF</data>'
2026-08-24 23:49:56,311  root       handle_response DEBUG    Write: '7E8 03 41 04 FF \r\r>'
2026-08-24 23:49:56,311  root       run             DEBUG    Received '0105'
2026-08-24 23:49:56,311  root       handle_request  DEBUG    Handling: '0105', header '7E0', ECU '7E0'
2026-08-24 23:49:56,312  root       handle_request  DEBUG    Description: Engine Coolant Temperature, PID COOLANT_TEMP (0105)
2026-08-24 23:49:56,312  root       handle_response DEBUG    Processing: '<header>7E8</header><size>03</size><data>41 05 5F</data>'
2026-08-24 23:49:56,312  root       handle_response DEBUG    Write: '7E8 03 41 05 5F \r\r>'
2026-08-24 23:49:56,312  root       run             DEBUG    Received '010F'
2026-08-24 23:49:56,312  root       handle_request  DEBUG    Handling: '010F', header '7E0', ECU '7E0'
2026-08-24 23:49:56,312  root       handle_request  DEBUG    Description: Intake Air Temp, PID INTAKE_TEMP (010F)
2026-08-24 23:49:56,312  root       handle_response DEBUG    Processing: '<header>7E8</header><size>03</size><data>41 0F 39</data>'
2026-08-24 23:49:56,312  root       handle_response DEBUG    Write: '7E8 03 41 0F 39 \r\r>'
2026-08-24 23:49:56,312  root       run             DEBUG    Received '0111'
2026-08-24 23:49:56,312  root       handle_request  DEBUG    Handling: '0111', header '7E0', ECU '7E0'
2026-08-24 23:49:56,312  root       handle_request  DEBUG    Description: Throttle Position, PID THROTTLE_POS (0111)
2026-08-24 23:49:56,312  root       handle_response DEBUG    Processing: '<header>7E8</header><size>03</size><data>41 11 2B</data>'
2026-08-24 23:49:56,312  root       handle_response DEBUG    Write: '7E8 03 41 11 2B \r\r>'
2026-08-24 23:49:56,312  root       run             DEBUG    Received '010E'
2026-08-24 23:49:56,313  root       handle_request  DEBUG    Handling: '010E', header '7E0', ECU '7E0'
2026-08-24 23:49:56,313  root       handle_request  DEBUG    Description: Timing Advance, PID TIMING_ADVANCE (010E)
2026-08-24 23:49:56,313  root       handle_response DEBUG    Processing: '<header>7E8</header><size>03</size><data>41 0E 75</data>'
2026-08-24 23:49:56,313  root       handle_response DEBUG    Write: '7E8 03 41 0E 75 \r\r>'
2026-08-24 23:49:56,313  root       run             DEBUG    Received '0106'
2026-08-24 23:49:56,313  root       handle_request  DEBUG    Handling: '0106', header '7E0', ECU '7E0'
2026-08-24 23:49:56,313  root       handle_request  DEBUG    Description: Short Term Fuel Trim - Bank 1, PID SHORT_FUEL_TRIM_1 (0106)
2026-08-24 23:49:56,313  root       handle_response DEBUG    Processing: '<header>7E8</header><size>03</size><data>41 06 80</data>'
2026-08-24 23:49:56,313  root       handle_response DEBUG    Write: '7E8 03 41 06 80 \r\r>'
2026-08-24 23:49:56,313  root       run             DEBUG    Received '0107'
2026-08-24 23:49:56,314  root       handle_request  DEBUG    Handling: '0107', header '7E0', ECU '7E0'
2026-08-24 23:49:56,314  root       handle_request  DEBUG    Description: Long Term Fuel Trim - Bank 1, PID LONG_FUEL_TRIM_1 (0107)
2026-08-24 23:49:56,314  root       handle_response DEBUG    Processing: '<header>7E8</header><size>03</size><data>41 07 79</data>'
2026-08-24 23:49:56,314  root       handle_response DEBUG    Write: '7E8 03 41 07 79 \r\r>'
2026-08-24 23:49:56,314  root       run             DEBUG    Received '0110'
2026-08-24 23:49:56,314  root       handle_request  DEBUG    Handling: '0110', header '7E0', ECU '7E0'
2026-08-24 23:49:56,314  root       handle_request  DEBUG    Description: Air Flow Rate (MAF), PID MAF (0110)
2026-08-24 23:49:56,314  root       handle_response DEBUG    Processing: '<header>7E8</header><size>04</size><data>41 10 18 1F</data>'
2026-08-24 23:49:56,314  root       handle_response DEBUG    Write: '7E8 04 41 10 18 1F \r\r>'
2026-08-24 23:49:56,314  root       run             DEBUG    Received '011F'
2026-08-24 23:49:56,314  root       handle_request  DEBUG    Handling: '011F', header '7E0', ECU '7E0'
2026-08-24 23:49:56,314  root       handle_request  DEBUG    Description: Engine Run Time, PID RUN_TIME (011F)
2026-08-24 23:49:56,314  root       handle_response DEBUG    Processing: '<header>7E8</header><size>04</size><data>41 1F 00 75</data>'
2026-08-24 23:49:56,314  root       handle_response DEBUG    Write: '7E8 04 41 1F 00 75 \r\r>'
2026-08-24 23:49:56,314  root       run             DEBUG    Received '03'
2026-08-24 23:49:56,314  root       handle_request  DEBUG    Handling: '03', header '7E0', ECU '7E0'
2026-08-24 23:49:56,315  root       handle_request  DEBUG    Description: Get DTCs (Diagnostic Trouble Codes), PID GET_DTC (03)
2026-08-24 23:49:56,315  root       handle_response DEBUG    Processing: '<header>7E8</header><size>02</size><data>43 00</data>'
2026-08-24 23:49:56,315  root       handle_response DEBUG    Write: '7E8 02 43 00 \r\r>'
2026-08-24 23:49:56,315  root       run             DEBUG    Received 'ATZ'
2026-08-24 23:49:56,315  root       handle_request  DEBUG    Handling: 'ATZ', header '7E0', ECU '7E0'
2026-08-24 23:49:56,315  root       handle_request  DEBUG    Description: AT RESET, PID AT_RESET (ATZ)
2026-08-24 23:49:56,315  root       reset           DEBUG    Resetting counters and sleeping for 0.5 seconds
2026-08-24 23:49:56,816  root       <module>        DEBUG    Reset and sleep 0.5 seconds
2026-08-24 23:49:56,816  root       handle_response DEBUG    Processing: '<writeln>\r\rELM327 v1.5</writeln>'
2026-08-24 23:49:56,816  root       handle_response DEBUG    Write: '\r\rELM327 v1.5\r\r>'
2026-08-24 23:50:00,948  root       run             DEBUG    Received 'ATZ'
2026-08-24 23:50:00,948  root       handle_request  DEBUG    Handling: 'ATZ', header '7E0', ECU '7E0'
2026-08-24 23:50:00,948  root       handle_request  DEBUG    Description: AT RESET, PID AT_RESET (ATZ)
2026-08-24 23:50:00,948  root       reset           DEBUG    Resetting counters and sleeping for 0.5 seconds
2026-08-24 23:50:01,448  root       <module>        DEBUG    Reset and sleep 0.5 seconds
2026-08-24 23:50:01,449  root       handle_response DEBUG    Processing: '<writeln>\r\rELM327 v1.5</writeln>'
2026-08-24 23:50:01,449  root       handle_response DEBUG    Write: '\r\rELM327 v1.5\r\r>'
2026-08-24 23:50:01,948  root       run             DEBUG    Received 'ATE0'
2026-08-24 23:50:01,948  root       handle_request  DEBUG    Handling: 'ATE0', header '7E0', ECU '7E0'
2026-08-24 23:50:01,948  root       handle_request  DEBUG    Description: AT ECHO, PID AT_ECHO (ATE0)
2026-08-24 23:50:01,948  root       <module>        DEBUG    set ECHO ON/OFF : False
2026-08-24 23:50:01,948  root       handle_response DEBUG    Processing: '<writeln>OK</writeln>'
2026-08-24 23:50:01,949  root       handle_response DEBUG    Write: 'OK\r\r>'
2026-08-24 23:50:01,949  root       run             DEBUG    Received 'ATH1'
2026-08-24 23:50:01,949  root       handle_request  DEBUG    Handling: 'ATH1', header '7E0', ECU '7E0'
2026-08-24 23:50:01,949  root       handle_request  DEBUG    Description: AT HEADERS, PID AT_USE_HEADERS (ATH1)
2026-08-24 23:50:01,949  root       <module>        DEBUG    set HEADERS ON/OFF : True
2026-08-24 23:50:01,949  root       handle_response DEBUG    Processing: '<writeln>OK</writeln>'
2026-08-24 23:50:01,949  root       handle_response DEBUG    Write: 'OK\r\r>'
2026-08-24 23:50:01,949  root       run             DEBUG    Received 'ATL0'
2026-08-24 23:50:01,949  root       handle_request  DEBUG    Handling: 'ATL0', header '7E0', ECU '7E0'
2026-08-24 23:50:01,950  root       handle_request  DEBUG    Description: AT LINEFEEDS, PID AT_LINEFEEDS (ATL0)
2026-08-24 23:50:01,950  root       <module>        DEBUG    set LINEFEEDS ON/OFF : False
2026-08-24 23:50:01,950  root       handle_response DEBUG    Processing: '<writeln>OK</writeln>'
2026-08-24 23:50:01,950  root       handle_response DEBUG    Write: 'OK\r\r>'
2026-08-24 23:50:01,950  root       run             DEBUG    Received 'AT RV'
2026-08-24 23:50:01,950  root       handle_request  DEBUG    Handling: 'ATRV', header '7E0', ECU '7E0'
2026-08-24 23:50:01,950  root       handle_request  DEBUG    Description: AT read volt, PID AT_R_VOLT (ATRV)
2026-08-24 23:50:01,950  root       <module>        DEBUG    Volt = 13.2
2026-08-24 23:50:01,950  root       handle_response DEBUG    Processing: '<string>13.2</string><writeln>V</writeln>'
2026-08-24 23:50:01,950  root       handle_response DEBUG    Write: '13.2V\r\r>'
2026-08-24 23:50:01,950  root       run             DEBUG    Received 'ATSP0'
2026-08-24 23:50:01,951  root       handle_request  DEBUG    Handling: 'ATSP0', header '7E0', ECU '7E0'
2026-08-24 23:50:01,951  root       handle_request  DEBUG    Description: AT PROTO, PID AT_PROTO (ATSP0)
2026-08-24 23:50:01,951  root       <module>        DEBUG    set PROTO 0
2026-08-24 23:50:01,951  root       handle_response DEBUG    Processing: '<writeln>OK</writeln>'
2026-08-24 23:50:01,951  root       handle_response DEBUG    Write: 'OK\r\r>'
2026-08-24 23:50:02,951  root       run             DEBUG    Received '0100'
2026-08-24 23:50:02,951  root       handle_request  DEBUG    Handling: '0100', header '7E0', ECU '7E0'
2026-08-24 23:50:02,951  root       handle_request  DEBUG    UDS P3 timer expired: running stop() method for ECU task "Default ECU Task module", ECU="7E0".
2026-08-24 23:50:02,951  root       handle_request  DEBUG    Description: Supported PIDS_A [01-20], PID ELM_PIDS_A (0100)
2026-08-24 23:50:02,951  root       handle_response DEBUG    Processing: '<string>SEARCHING...</string><exec>time.sleep(1.5)</exec><writeln></writeln><header>7E8</header><size>06</size><data>41 00 BE 3F A8 13</data>'
2026-08-24 23:50:02,951  root       handle_response DEBUG    Write: 'SEARCHING...'
2026-08-24 23:50:14,888  root       get_pty         DEBUG    Pty name: /dev/pts/7
2026-08-24 23:50:14,888  root       run             DEBUG    ELM327 OBD-II adapter emulator v3.0.5 started on pseudo-tty port "/dev/pts/7"._______________
2026-08-24 23:50:16,618  root       run             DEBUG    Received 'ATZ'
2026-08-24 23:50:16,619  root       handle_request  DEBUG    Handling: 'ATZ', header '7E0', ECU '7E0'
2026-08-24 23:50:16,619  root       handle_request  DEBUG    Instantiating ECU task "Default ECU Task module" for ECU "7E0"
2026-08-24 23:50:16,621  root       handle_request  DEBUG    Description: AT RESET, PID AT_RESET (ATZ)
2026-08-24 23:50:16,621  root       reset           DEBUG    Resetting counters and sleeping for 0.5 seconds
2026-08-24 23:50:17,122  root       <module>        DEBUG    Reset and sleep 0.5 seconds
2026-08-24 23:50:17,122  root       handle_response DEBUG    Processing: '<writeln>\r\rELM327 v1.5</writeln>'
2026-08-24 23:50:17,122  root       handle_response DEBUG    Write: '\r\rELM327 v1.5\r\r>'
2026-08-24 23:50:17,619  root       run             DEBUG    Received 'ATE0'
2026-08-24 23:50:17,619  root       handle_request  DEBUG    Handling: 'ATE0', header '7E0', ECU '7E0'
2026-08-24 23:50:17,619  root       handle_request  DEBUG    Description: AT ECHO, PID AT_ECHO (ATE0)
2026-08-24 23:50:17,620  root       <module>        DEBUG    set ECHO ON/OFF : False
2026-08-24 23:50:17,620  root       handle_response DEBUG    Processing: '<writeln>OK</writeln>'
2026-08-24 23:50:17,620  root       handle_response DEBUG    Write: 'OK\r\r>'
2026-08-24 23:50:17,620  root       run             DEBUG    Received 'ATH1'
2026-08-24 23:50:17,620  root       handle_request  DEBUG    Handling: 'ATH1', header '7E0', ECU '7E0'
2026-08-24 23:50:17,620  root       handle_request  DEBUG    Description: AT HEADERS, PID AT_USE_HEADERS (ATH1)
2026-08-24 23:50:17,620  root       <module>        DEBUG    set HEADERS ON/OFF : True
2026-08-24 23:50:17,620  root       handle_response DEBUG    Processing: '<writeln>OK</writeln>'
2026-08-24 23:50:17,620  root       handle_response DEBUG    Write: 'OK\r\r>'
2026-08-24 23:50:17,620  root       run             DEBUG    Received 'ATL0'
2026-08-24 23:50:17,620  root       handle_request  DEBUG    Handling: 'ATL0', header '7E0', ECU '7E0'
2026-08-24 23:50:17,621  root       handle_request  DEBUG    Description: AT LINEFEEDS, PID AT_LINEFEEDS (ATL0)
2026-08-24 23:50:17,621  root       <module>        DEBUG    set LINEFEEDS ON/OFF : False
2026-08-24 23:50:17,621  root       handle_response DEBUG    Processing: '<writeln>OK</writeln>'
2026-08-24 23:50:17,621  root       handle_response DEBUG    Write: 'OK\r\r>'
2026-08-24 23:50:17,621  root       run             DEBUG    Received 'AT RV'
2026-08-24 23:50:17,621  root       handle_request  DEBUG    Handling: 'ATRV', header '7E0', ECU '7E0'
2026-08-24 23:50:17,621  root       handle_request  DEBUG    Description: AT read volt, PID AT_R_VOLT (ATRV)
2026-08-24 23:50:17,621  root       <module>        DEBUG    Volt = 13.1
2026-08-24 23:50:17,621  root       handle_response DEBUG    Processing: '<string>13.1</string><writeln>V</writeln>'
2026-08-24 23:50:17,621  root       handle_response DEBUG    Write: '13.1V\r\r>'
2026-08-24 23:50:17,621  root       run             DEBUG    Received 'ATSP0'
2026-08-24 23:50:17,621  root       handle_request  DEBUG    Handling: 'ATSP0', header '7E0', ECU '7E0'
2026-08-24 23:50:17,622  root       handle_request  DEBUG    Description: AT PROTO, PID AT_PROTO (ATSP0)
2026-08-24 23:50:17,622  root       <module>        DEBUG    set PROTO 0
2026-08-24 23:50:17,622  root       handle_response DEBUG    Processing: '<writeln>OK</writeln>'
2026-08-24 23:50:17,622  root       handle_response DEBUG    Write: 'OK\r\r>'
2026-08-24 23:50:18,622  root       run             DEBUG    Received '0100'
2026-08-24 23:50:18,622  root       handle_request  DEBUG    Handling: '0100', header '7E0', ECU '7E0'
2026-08-24 23:50:18,622  root       handle_request  DEBUG    Description: Supported PIDS_A [01-20], PID ELM_PIDS_A (0100)
2026-08-24 23:50:18,622  root       handle_response DEBUG    Processing: '<string>SEARCHING...</string><exec>time.sleep(1.5)</exec><writeln></writeln><header>7E8</header><size>06</size><data>41 00 BE 3F A8 13</data>'
2026-08-24 23:50:18,622  root       handle_response DEBUG    Write: 'SEARCHING...'
2026-08-24 23:50:20,123  root       handle_response DEBUG    Evaluated command: time.sleep(1.5) -> None
2026-08-24 23:50:20,123  root       handle_response DEBUG    Write: '\r7E8 06 41 00 BE 3F A8 13 \r\r>'
2026-08-24 23:50:20,124  root       run             DEBUG    Received 'ATDPN'
2026-08-24 23:50:20,124  root       handle_request  DEBUG    Handling: 'ATDPN', header '7E0', ECU '7E0'
2026-08-24 23:50:20,124  root       handle_request  DEBUG    Description: AT Display Protocol Number, PID AT_DESCRIBE_PROTO_N (ATDPN)
2026-08-24 23:50:30,705  root       get_pty         DEBUG    Pty name: /dev/pts/7
2026-08-24 23:50:30,705  root       run             DEBUG    ELM327 OBD-II adapter emulator v3.0.5 started on pseudo-tty port "/dev/pts/7"._______________
2026-08-24 23:50:32,517  root       run             DEBUG    Received 'ATZ'
2026-08-24 23:50:32,517  root       handle_request  DEBUG    Handling: 'ATZ', header '7E0', ECU '7E0'
2026-08-24 23:50:32,517  root       handle_request  DEBUG    Instantiating ECU task "Default ECU Task module" for ECU "7E0"
2026-08-24 23:50:32,520  root       handle_request  DEBUG    Description: AT RESET, PID AT_RESET (ATZ)
2026-08-24 23:50:32,520  root       reset           DEBUG    Resetting counters and sleeping for 0.5 seconds
2026-08-24 23:50:33,021  root       <module>        DEBUG    Reset and sleep 0.5 seconds
2026-08-24 23:50:33,021  root       handle_response DEBUG    Processing: '<writeln>\r\rELM327 v1.5</writeln>'
2026-08-24 23:50:33,021  root       handle_response DEBUG    Write: '\r\rELM327 v1.5\r\r>'
2026-08-24 23:50:33,517  root       run             DEBUG    Received 'ATE0'
2026-08-24 23:50:33,517  root       handle_request  DEBUG    Handling: 'ATE0', header '7E0', ECU '7E0'
2026-08-24 23:50:33,518  root       handle_request  DEBUG    Description: AT ECHO, PID AT_ECHO (ATE0)
2026-08-24 23:50:33,518  root       <module>        DEBUG    set ECHO ON/OFF : False
2026-08-24 23:50:33,518  root       handle_response DEBUG    Processing: '<writeln>OK</writeln>'
2026-08-24 23:50:33,518  root       handle_response DEBUG    Write: 'OK\r\r>'
2026-08-24 23:50:33,518  root       run             DEBUG    Received 'ATH1'
2026-08-24 23:50:33,518  root       handle_request  DEBUG    Handling: 'ATH1', header '7E0', ECU '7E0'
2026-08-24 23:50:33,518  root       handle_request  DEBUG    Description: AT HEADERS, PID AT_USE_HEADERS (ATH1)
2026-08-24 23:50:33,518  root       <module>        DEBUG    set HEADERS ON/OFF : True
2026-08-24 23:50:33,518  root       handle_response DEBUG    Processing: '<writeln>OK</writeln>'
2026-08-24 23:50:33,519  root       handle_response DEBUG    Write: 'OK\r\r>'
2026-08-24 23:50:33,519  root       run             DEBUG    Received 'ATL0'
2026-08-24 23:50:33,519  root       handle_request  DEBUG    Handling: 'ATL0', header '7E0', ECU '7E0'
2026-08-24 23:50:33,519  root       handle_request  DEBUG    Description: AT LINEFEEDS, PID AT_LINEFEEDS (ATL0)
2026-08-24 23:50:33,519  root       <module>        DEBUG    set LINEFEEDS ON/OFF : False
2026-08-24 23:50:33,519  root       handle_response DEBUG    Processing: '<writeln>OK</writeln>'
2026-08-24 23:50:33,519  root       handle_response DEBUG    Write: 'OK\r\r>'
2026-08-24 23:50:33,519  root       run             DEBUG    Received 'AT RV'
2026-08-24 23:50:33,519  root       handle_request  DEBUG    Handling: 'ATRV', header '7E0', ECU '7E0'
2026-08-24 23:50:33,519  root       handle_request  DEBUG    Description: AT read volt, PID AT_R_VOLT (ATRV)
2026-08-24 23:50:33,520  root       <module>        DEBUG    Volt = 13.1
2026-08-24 23:50:33,520  root       handle_response DEBUG    Processing: '<string>13.1</string><writeln>V</writeln>'
2026-08-24 23:50:33,520  root       handle_response DEBUG    Write: '13.1V\r\r>'
2026-08-24 23:50:33,520  root       run             DEBUG    Received 'ATSP0'
2026-08-24 23:50:33,520  root       handle_request  DEBUG    Handling: 'ATSP0', header '7E0', ECU '7E0'
2026-08-24 23:50:33,520  root       handle_request  DEBUG    Description: AT PROTO, PID AT_PROTO (ATSP0)
2026-08-24 23:50:33,520  root       <module>        DEBUG    set PROTO 0
2026-08-24 23:50:33,520  root       handle_response DEBUG    Processing: '<writeln>OK</writeln>'
2026-08-24 23:50:33,520  root       handle_response DEBUG    Write: 'OK\r\r>'
2026-08-24 23:50:34,520  root       run             DEBUG    Received '0100'
2026-08-24 23:50:34,520  root       handle_request  DEBUG    Handling: '0100', header '7E0', ECU '7E0'
2026-08-24 23:50:34,520  root       handle_request  DEBUG    Description: Supported PIDS_A [01-20], PID ELM_PIDS_A (0100)
2026-08-24 23:50:34,520  root       handle_response DEBUG    Processing: '<string>SEARCHING...</string><exec>time.sleep(1.5)</exec><writeln></writeln><header>7E8</header><size>06</size><data>41 00 BE 3F A8 13</data>'
2026-08-24 23:50:34,521  root       handle_response DEBUG    Write: 'SEARCHING...'
2026-08-24 23:50:36,021  root       handle_response DEBUG    Evaluated command: time.sleep(1.5) -> None
2026-08-24 23:50:36,021  root       handle_response DEBUG    Write: '\r7E8 06 41 00 BE 3F A8 13 \r\r>'
2026-08-24 23:50:36,021  root       run             DEBUG    Received 'ATDPN'
2026-08-24 23:50:36,021  root       handle_request  DEBUG    Handling: 'ATDPN', header '7E0', ECU '7E0'
2026-08-24 23:50:36,022  root       handle_request  DEBUG    Description: AT Display Protocol Number, PID AT_DESCRIBE_PROTO_N (ATDPN)
2026-08-24 23:50:36,522  root       handle_response DEBUG    Processing: '<writeln>A6</writeln>'
2026-08-24 23:50:36,522  root       handle_response DEBUG    Write: 'A6\r\r>'
2026-08-24 23:50:36,523  root       run             DEBUG    Received '0100'
2026-08-24 23:50:36,523  root       handle_request  DEBUG    Handling: '0100', header '7E0', ECU '7E0'
2026-08-24 23:50:36,523  root       handle_request  DEBUG    Description: Supported PIDS_A [01-20], PID ELM_PIDS_A (0100)
2026-08-24 23:50:36,523  root       handle_response DEBUG    Processing: '<header>7E8</header><size>06</size><data>41 00 BE 3F A8 13</data>'
2026-08-24 23:50:36,523  root       handle_response DEBUG    Write: '7E8 06 41 00 BE 3F A8 13 \r\r>'
2026-08-24 23:50:36,523  root       run             DEBUG    Received '0120'
2026-08-24 23:50:36,523  root       handle_request  DEBUG    Handling: '0120', header '7E0', ECU '7E0'
2026-08-24 23:50:36,524  root       handle_request  DEBUG    Description: Supported PIDS_B [21-40], PID ELM_PIDS_B (0120)
2026-08-24 23:50:36,524  root       handle_response DEBUG    Processing: '<header>7E8</header><size>06</size><data>41 20 90 15 B0 15</data>'
2026-08-24 23:50:36,524  root       handle_response DEBUG    Write: '7E8 06 41 20 90 15 B0 15 \r\r>'
2026-08-24 23:50:36,524  root       run             DEBUG    Received '0140'
2026-08-24 23:50:36,524  root       handle_request  DEBUG    Handling: '0140', header '7E0', ECU '7E0'
2026-08-24 23:50:36,524  root       handle_request  DEBUG    Description: Supported PIDS_C [41-60], PID ELM_PIDS_C (0140)
2026-08-24 23:50:36,524  root       handle_response DEBUG    Processing: '<header>7E8</header><size>06</size><data>41 40 7A 1C 80 20</data>'
2026-08-24 23:50:36,524  root       handle_response DEBUG    Write: '7E8 06 41 40 7A 1C 80 20 \r\r>'
2026-08-24 23:50:36,524  root       run             DEBUG    Received '0600'
2026-08-24 23:50:36,524  root       handle_request  DEBUG    Handling: '0600', header '7E0', ECU '7E0'
2026-08-24 23:50:36,524  root       handle_request  DEBUG    Description: MIDS_A, PID ELM_MIDS_A (0600)
2026-08-24 23:50:36,524  root       handle_response DEBUG    Processing: '<pos_answer>C0 00 00 01</pos_answer>'
2026-08-24 23:50:36,524  root       handle_response DEBUG    Write: '7E8 05 46 C0 00 00 01 \r\r>'
2026-08-24 23:50:36,524  root       run             DEBUG    Received '0900'
2026-08-24 23:50:36,524  root       handle_request  DEBUG    Handling: '0900', header '7E0', ECU '7E0'
2026-08-24 23:50:36,531  root       handle_request  INFO     Unknown request: '0900', header=7E0
2026-08-24 23:50:36,532  root       handle_response DEBUG    Processing: '<writeln>NO DATA</writeln>'
2026-08-24 23:50:36,532  root       handle_response DEBUG    Write: 'NO DATA\r\r>'
2026-08-24 23:50:36,532  root       run             DEBUG    Received '010C'
2026-08-24 23:50:36,532  root       handle_request  DEBUG    Handling: '010C', header '7E0', ECU '7E0'
2026-08-24 23:50:36,532  root       handle_request  DEBUG    Description: Engine RPM, PID RPM (010C)
2026-08-24 23:50:36,532  root       handle_response DEBUG    Processing: '<header>7E8</header><size>04</size><data>41 0C 14 5F</data>'
2026-08-24 23:50:36,532  root       handle_response DEBUG    Write: '7E8 04 41 0C 14 5F \r\r>'
2026-08-24 23:50:36,533  root       run             DEBUG    Received '010D'
2026-08-24 23:50:36,533  root       handle_request  DEBUG    Handling: '010D', header '7E0', ECU '7E0'
2026-08-24 23:50:36,533  root       handle_request  DEBUG    Description: Vehicle Speed, PID SPEED (010D)
2026-08-24 23:50:36,533  root       handle_response DEBUG    Processing: '<header>7E8</header><size>03</size><data>41 0D 0A</data>'
2026-08-24 23:50:36,533  root       handle_response DEBUG    Write: '7E8 03 41 0D 0A \r\r>'
2026-08-24 23:50:36,533  root       run             DEBUG    Received '0104'
2026-08-24 23:50:36,533  root       handle_request  DEBUG    Handling: '0104', header '7E0', ECU '7E0'
2026-08-24 23:50:36,533  root       handle_request  DEBUG    Description: Calculated Engine Load, PID ENGINE_LOAD (0104)
2026-08-24 23:50:36,533  root       handle_response DEBUG    Processing: '<header>7E8</header><size>03</size><data>41 04 FF</data>'
2026-08-24 23:50:36,533  root       handle_response DEBUG    Write: '7E8 03 41 04 FF \r\r>'
2026-08-24 23:50:36,734  root       run             DEBUG    Received '010C'
2026-08-24 23:50:36,734  root       handle_request  DEBUG    Handling: '010C', header '7E0', ECU '7E0'
2026-08-24 23:50:36,734  root       handle_request  DEBUG    Description: Engine RPM, PID RPM (010C)
2026-08-24 23:50:36,734  root       handle_response DEBUG    Processing: '<header>7E8</header><size>04</size><data>41 0C 00 00</data>'
2026-08-24 23:50:36,735  root       handle_response DEBUG    Write: '7E8 04 41 0C 00 00 \r\r>'
2026-08-24 23:50:36,735  root       run             DEBUG    Received '010D'
2026-08-24 23:50:36,735  root       handle_request  DEBUG    Handling: '010D', header '7E0', ECU '7E0'
2026-08-24 23:50:36,735  root       handle_request  DEBUG    Description: Vehicle Speed, PID SPEED (010D)
2026-08-24 23:50:36,735  root       handle_response DEBUG    Processing: '<header>7E8</header><size>03</size><data>41 0D 37</data>'
2026-08-24 23:50:36,735  root       handle_response DEBUG    Write: '7E8 03 41 0D 37 \r\r>'
2026-08-24 23:50:36,735  root       run             DEBUG    Received '0104'
2026-08-24 23:50:36,735  root       handle_request  DEBUG    Handling: '0104', header '7E0', ECU '7E0'
2026-08-24 23:50:36,735  root       handle_request  DEBUG    Description: Calculated Engine Load, PID ENGINE_LOAD (0104)
2026-08-24 23:50:36,735  root       handle_response DEBUG    Processing: '<header>7E8</header><size>03</size><data>41 04 57</data>'
2026-08-24 23:50:36,735  root       handle_response DEBUG    Write: '7E8 03 41 04 57 \r\r>'
2026-08-24 23:50:36,936  root       run             DEBUG    Received '010C'
2026-08-24 23:50:36,936  root       handle_request  DEBUG    Handling: '010C', header '7E0', ECU '7E0'
2026-08-24 23:50:36,936  root       handle_request  DEBUG    Description: Engine RPM, PID RPM (010C)
2026-08-24 23:50:36,936  root       handle_response DEBUG    Processing: '<header>7E8</header><size>04</size><data>41 0C 41 C2</data>'
2026-08-24 23:50:36,936  root       handle_response DEBUG    Write: '7E8 04 41 0C 41 C2 \r\r>'
2026-08-24 23:50:36,937  root       run             DEBUG    Received '010D'
2026-08-24 23:50:36,937  root       handle_request  DEBUG    Handling: '010D', header '7E0', ECU '7E0'
2026-08-24 23:50:36,937  root       handle_request  DEBUG    Description: Vehicle Speed, PID SPEED (010D)
2026-08-24 23:50:36,937  root       handle_response DEBUG    Processing: '<header>7E8</header><size>03</size><data>41 0D 27</data>'
2026-08-24 23:50:36,937  root       handle_response DEBUG    Write: '7E8 03 41 0D 27 \r\r>'
2026-08-24 23:50:36,937  root       run             DEBUG    Received '0104'
2026-08-24 23:50:36,937  root       handle_request  DEBUG    Handling: '0104', header '7E0', ECU '7E0'
2026-08-24 23:50:36,937  root       handle_request  DEBUG    Description: Calculated Engine Load, PID ENGINE_LOAD (0104)
2026-08-24 23:50:36,937  root       handle_response DEBUG    Processing: '<header>7E8</header><size>03</size><data>41 04 96</data>'
2026-08-24 23:50:36,937  root       handle_response DEBUG    Write: '7E8 03 41 04 96 \r\r>'
2026-08-24 23:50:37,138  root       run             DEBUG    Received '010C'
2026-08-24 23:50:37,138  root       handle_request  DEBUG    Handling: '010C', header '7E0', ECU '7E0'
2026-08-24 23:50:37,138  root       handle_request  DEBUG    Description: Engine RPM, PID RPM (010C)
2026-08-24 23:50:37,138  root       handle_response DEBUG    Processing: '<header>7E8</header><size>04</size><data>41 0C 35 CB</data>'
2026-08-24 23:50:37,138  root       handle_response DEBUG    Write: '7E8 04 41 0C 35 CB \r\r>'
2026-08-24 23:50:37,139  root       run             DEBUG    Received '010D'
2026-08-24 23:50:37,139  root       handle_request  DEBUG    Handling: '010D', header '7E0', ECU '7E0'
2026-08-24 23:50:37,139  root       handle_request  DEBUG    Description: Vehicle Speed, PID SPEED (010D)
2026-08-24 23:50:37,139  root       handle_response DEBUG    Processing: '<header>7E8</header><size>03</size><data>41 0D 33</data>'
2026-08-24 23:50:37,139  root       handle_response DEBUG    Write: '7E8 03 41 0D 33 \r\r>'
2026-08-24 23:50:37,139  root       run             DEBUG    Received '0104'
2026-08-24 23:50:37,139  root       handle_request  DEBUG    Handling: '0104', header '7E0', ECU '7E0'
2026-08-24 23:50:37,139  root       handle_request  DEBUG    Description: Calculated Engine Load, PID ENGINE_LOAD (0104)
2026-08-24 23:50:37,139  root       handle_response DEBUG    Processing: '<header>7E8</header><size>03</size><data>41 04 00</data><header>7EA</header><size>03</size><data>41 04 00</data>'
2026-08-24 23:50:37,139  root       handle_response DEBUG    Write: '7E8 03 41 04 00 \r7EA 03 41 04 00 \r\r>'
2026-08-24 23:50:37,340  root       run             DEBUG    Received '010C'
2026-08-24 23:50:37,340  root       handle_request  DEBUG    Handling: '010C', header '7E0', ECU '7E0'
2026-08-24 23:50:37,340  root       handle_request  DEBUG    Description: Engine RPM, PID RPM (010C)
2026-08-24 23:50:37,340  root       handle_response DEBUG    Processing: '<header>7E8</header><size>04</size><data>41 0C 14 46</data>'
2026-08-24 23:50:37,340  root       handle_response DEBUG    Write: '7E8 04 41 0C 14 46 \r\r>'
2026-08-24 23:50:37,340  root       run             DEBUG    Received '010D'
2026-08-24 23:50:37,340  root       handle_request  DEBUG    Handling: '010D', header '7E0', ECU '7E0'
2026-08-24 23:50:37,340  root       handle_request  DEBUG    Description: Vehicle Speed, PID SPEED (010D)
2026-08-24 23:50:37,340  root       handle_response DEBUG    Processing: '<header>7E8</header><size>03</size><data>41 0D 00</data>'
2026-08-24 23:50:37,341  root       handle_response DEBUG    Write: '7E8 03 41 0D 00 \r\r>'
2026-08-24 23:50:37,341  root       run             DEBUG    Received '0104'
2026-08-24 23:50:37,341  root       handle_request  DEBUG    Handling: '0104', header '7E0', ECU '7E0'
2026-08-24 23:50:37,341  root       handle_request  DEBUG    Description: Calculated Engine Load, PID ENGINE_LOAD (0104)
2026-08-24 23:50:37,341  root       handle_response DEBUG    Processing: '<header>7E8</header><size>03</size><data>41 04 56</data>'
2026-08-24 23:50:37,341  root       handle_response DEBUG    Write: '7E8 03 41 04 56 \r\r>'
2026-08-24 23:50:37,541  root       run             DEBUG    Received '010C'
2026-08-24 23:50:37,542  root       handle_request  DEBUG    Handling: '010C', header '7E0', ECU '7E0'
2026-08-24 23:50:37,542  root       handle_request  DEBUG    Description: Engine RPM, PID RPM (010C)
2026-08-24 23:50:37,542  root       handle_response DEBUG    Processing: '<header>7E8</header><size>04</size><data>41 0C 12 87</data>'
2026-08-24 23:50:37,542  root       handle_response DEBUG    Write: '7E8 04 41 0C 12 87 \r\r>'
2026-08-24 23:50:37,542  root       run             DEBUG    Received '010D'
2026-08-24 23:50:37,542  root       handle_request  DEBUG    Handling: '010D', header '7E0', ECU '7E0'
2026-08-24 23:50:37,543  root       handle_request  DEBUG    Description: Vehicle Speed, PID SPEED (010D)
2026-08-24 23:50:37,543  root       handle_response DEBUG    Processing: '<header>7E8</header><size>03</size><data>41 0D 44</data>'
2026-08-24 23:50:37,543  root       handle_response DEBUG    Write: '7E8 03 41 0D 44 \r\r>'
2026-08-24 23:50:37,543  root       run             DEBUG    Received '0104'
2026-08-24 23:50:37,543  root       handle_request  DEBUG    Handling: '0104', header '7E0', ECU '7E0'
2026-08-24 23:50:37,543  root       handle_request  DEBUG    Description: Calculated Engine Load, PID ENGINE_LOAD (0104)
2026-08-24 23:50:37,543  root       handle_response DEBUG    Processing: '<header>7E8</header><size>03</size><data>41 04 64</data>'
2026-08-24 23:50:37,543  root       handle_response DEBUG    Write: '7E8 03 41 04 64 \r\r>'
2026-08-24 23:50:37,744  root       run             DEBUG    Received '010C'
2026-08-24 23:50:37,744  root       handle_request  DEBUG    Handling: '010C', header '7E0', ECU '7E0'
2026-08-24 23:50:37,744  root       handle_request  DEBUG    Description: Engine RPM, PID RPM (010C)
2026-08-24 23:50:37,744  root       handle_response DEBUG    Processing: '<header>7E8</header><size>04</size><data>41 0C 3B 2E</data>'
2026-08-24 23:50:37,744  root       handle_response DEBUG    Write: '7E8 04 41 0C 3B 2E \r\r>'
2026-08-24 23:50:37,744  root       run             DEBUG    Received '010D'
2026-08-24 23:50:37,744  root       handle_request  DEBUG    Handling: '010D', header '7E0', ECU '7E0'
2026-08-24 23:50:37,745  root       handle_request  DEBUG    Description: Vehicle Speed, PID SPEED (010D)
2026-08-24 23:50:37,745  root       handle_response DEBUG    Processing: '<header>7E8</header><size>03</size><data>41 0D 5C</data>'
2026-08-24 23:50:37,745  root       handle_response DEBUG    Write: '7E8 03 41 0D 5C \r\r>'
2026-08-24 23:50:37,745  root       run             DEBUG    Received '0104'
2026-08-24 23:50:37,745  root       handle_request  DEBUG    Handling: '0104', header '7E0', ECU '7E0'
2026-08-24 23:50:37,745  root       handle_request  DEBUG    Description: Calculated Engine Load, PID ENGINE_LOAD (0104)
2026-08-24 23:50:37,745  root       handle_response DEBUG    Processing: '<header>7E8</header><size>03</size><data>41 04 67</data>'
2026-08-24 23:50:37,745  root       handle_response DEBUG    Write: '7E8 03 41 04 67 \r\r>'
2026-08-24 23:50:37,946  root       run             DEBUG    Received '010C'
2026-08-24 23:50:37,946  root       handle_request  DEBUG    Handling: '010C', header '7E0', ECU '7E0'
2026-08-24 23:50:37,946  root       handle_request  DEBUG    Description: Engine RPM, PID RPM (010C)
2026-08-24 23:50:37,946  root       handle_response DEBUG    Processing: '<header>7E8</header><size>04</size><data>41 0C 15 2A</data>'
2026-08-24 23:50:37,946  root       handle_response DEBUG    Write: '7E8 04 41 0C 15 2A \r\r>'
2026-08-24 23:50:37,946  root       run             DEBUG    Received '010D'
2026-08-24 23:50:37,946  root       handle_request  DEBUG    Handling: '010D', header '7E0', ECU '7E0'
2026-08-24 23:50:37,946  root       handle_request  DEBUG    Description: Vehicle Speed, PID SPEED (010D)
2026-08-24 23:50:37,946  root       handle_response DEBUG    Processing: '<header>7E8</header><size>03</size><data>41 0D 1D</data>'
2026-08-24 23:50:37,946  root       handle_response DEBUG    Write: '7E8 03 41 0D 1D \r\r>'
2026-08-24 23:50:37,947  root       run             DEBUG    Received '0104'
2026-08-24 23:50:37,947  root       handle_request  DEBUG    Handling: '0104', header '7E0', ECU '7E0'
2026-08-24 23:50:37,947  root       handle_request  DEBUG    Description: Calculated Engine Load, PID ENGINE_LOAD (0104)
2026-08-24 23:50:37,947  root       handle_response DEBUG    Processing: '<header>7E8</header><size>03</size><data>41 04 9F</data>'
2026-08-24 23:50:37,947  root       handle_response DEBUG    Write: '7E8 03 41 04 9F \r\r>'
2026-08-24 23:50:38,147  root       run             DEBUG    Received '010C'
2026-08-24 23:50:38,147  root       handle_request  DEBUG    Handling: '010C', header '7E0', ECU '7E0'
2026-08-24 23:50:38,147  root       handle_request  DEBUG    Description: Engine RPM, PID RPM (010C)
2026-08-24 23:50:38,147  root       handle_response DEBUG    Processing: '<header>7E8</header><size>04</size><data>41 0C 09 F6</data>'
2026-08-24 23:50:38,148  root       handle_response DEBUG    Write: '7E8 04 41 0C 09 F6 \r\r>'
2026-08-24 23:50:38,148  root       run             DEBUG    Received '010D'
2026-08-24 23:50:38,148  root       handle_request  DEBUG    Handling: '010D', header '7E0', ECU '7E0'
2026-08-24 23:50:38,148  root       handle_request  DEBUG    Description: Vehicle Speed, PID SPEED (010D)
2026-08-24 23:50:38,148  root       handle_response DEBUG    Processing: '<header>7E8</header><size>03</size><data>41 0D 72</data>'
2026-08-24 23:50:38,148  root       handle_response DEBUG    Write: '7E8 03 41 0D 72 \r\r>'
2026-08-24 23:50:38,148  root       run             DEBUG    Received '0104'
2026-08-24 23:50:38,148  root       handle_request  DEBUG    Handling: '0104', header '7E0', ECU '7E0'
2026-08-24 23:50:38,148  root       handle_request  DEBUG    Description: Calculated Engine Load, PID ENGINE_LOAD (0104)
2026-08-24 23:50:38,148  root       handle_response DEBUG    Processing: '<header>7E8</header><size>03</size><data>41 04 00</data>'
2026-08-24 23:50:38,149  root       handle_response DEBUG    Write: '7E8 03 41 04 00 \r\r>'
2026-08-24 23:50:38,349  root       run             DEBUG    Received '010C'
2026-08-24 23:50:38,349  root       handle_request  DEBUG    Handling: '010C', header '7E0', ECU '7E0'
2026-08-24 23:50:38,349  root       handle_request  DEBUG    Description: Engine RPM, PID RPM (010C)
2026-08-24 23:50:38,349  root       handle_response DEBUG    Processing: '<header>7E8</header><size>04</size><data>41 0C 23 82</data>'
2026-08-24 23:50:38,349  root       handle_response DEBUG    Write: '7E8 04 41 0C 23 82 \r\r>'
2026-08-24 23:50:38,350  root       run             DEBUG    Received '010D'
2026-08-24 23:50:38,350  root       handle_request  DEBUG    Handling: '010D', header '7E0', ECU '7E0'
2026-08-24 23:50:38,350  root       handle_request  DEBUG    Description: Vehicle Speed, PID SPEED (010D)
2026-08-24 23:50:38,350  root       handle_response DEBUG    Processing: '<header>7E8</header><size>03</size><data>41 0D 48</data>'
2026-08-24 23:50:38,350  root       handle_response DEBUG    Write: '7E8 03 41 0D 48 \r\r>'
2026-08-24 23:50:38,350  root       run             DEBUG    Received '0104'
2026-08-24 23:50:38,350  root       handle_request  DEBUG    Handling: '0104', header '7E0', ECU '7E0'
2026-08-24 23:50:38,350  root       handle_request  DEBUG    Description: Calculated Engine Load, PID ENGINE_LOAD (0104)
2026-08-24 23:50:38,350  root       handle_response DEBUG    Processing: '<header>7E8</header><size>03</size><data>41 04 98</data>'
2026-08-24 23:50:38,350  root       handle_response DEBUG    Write: '7E8 03 41 04 98 \r\r>'
2026-08-24 23:50:38,551  root       run             DEBUG    Received '010C'
2026-08-24 23:50:38,551  root       handle_request  DEBUG    Handling: '010C', header '7E0', ECU '7E0'
2026-08-24 23:50:38,551  root       handle_request  DEBUG    Description: Engine RPM, PID RPM (010C)
2026-08-24 23:50:38,551  root       handle_response DEBUG    Processing: '<header>7E8</header><size>04</size><data>41 0C 26 25</data>'
2026-08-24 23:50:38,551  root       handle_response DEBUG    Write: '7E8 04 41 0C 26 25 \r\r>'
2026-08-24 23:50:38,551  root       run             DEBUG    Received '010D'
2026-08-24 23:50:38,552  root       handle_request  DEBUG    Handling: '010D', header '7E0', ECU '7E0'
2026-08-24 23:50:38,552  root       handle_request  DEBUG    Description: Vehicle Speed, PID SPEED (010D)
2026-08-24 23:50:38,552  root       handle_response DEBUG    Processing: '<header>7E8</header><size>03</size><data>41 0D 20</data>'
2026-08-24 23:50:38,552  root       handle_response DEBUG    Write: '7E8 03 41 0D 20 \r\r>'
2026-08-24 23:50:38,552  root       run             DEBUG    Received '0104'
2026-08-24 23:50:38,552  root       handle_request  DEBUG    Handling: '0104', header '7E0', ECU '7E0'
2026-08-24 23:50:38,552  root       handle_request  DEBUG    Description: Calculated Engine Load, PID ENGINE_LOAD (0104)
2026-08-24 23:50:38,552  root       handle_response DEBUG    Processing: '<header>7E8</header><size>03</size><data>41 04 73</data>'
2026-08-24 23:50:38,552  root       handle_response DEBUG    Write: '7E8 03 41 04 73 \r\r>'
2026-08-24 23:50:38,753  root       run             DEBUG    Received '010C'
2026-08-24 23:50:38,753  root       handle_request  DEBUG    Handling: '010C', header '7E0', ECU '7E0'
2026-08-24 23:50:38,753  root       handle_request  DEBUG    Description: Engine RPM, PID RPM (010C)
2026-08-24 23:50:38,753  root       handle_response DEBUG    Processing: '<header>7E8</header><size>04</size><data>41 0C 18 9F</data>'
2026-08-24 23:50:38,753  root       handle_response DEBUG    Write: '7E8 04 41 0C 18 9F \r\r>'
2026-08-24 23:50:38,753  root       run             DEBUG    Received '010D'
2026-08-24 23:50:38,753  root       handle_request  DEBUG    Handling: '010D', header '7E0', ECU '7E0'
2026-08-24 23:50:38,754  root       handle_request  DEBUG    Description: Vehicle Speed, PID SPEED (010D)
2026-08-24 23:50:38,754  root       handle_response DEBUG    Processing: '<header>7E8</header><size>03</size><data>41 0D 29</data>'
2026-08-24 23:50:38,754  root       handle_response DEBUG    Write: '7E8 03 41 0D 29 \r\r>'
2026-08-24 23:50:38,754  root       run             DEBUG    Received '0104'
2026-08-24 23:50:38,754  root       handle_request  DEBUG    Handling: '0104', header '7E0', ECU '7E0'
2026-08-24 23:50:38,754  root       handle_request  DEBUG    Description: Calculated Engine Load, PID ENGINE_LOAD (0104)
2026-08-24 23:50:38,754  root       handle_response DEBUG    Processing: '<header>7E8</header><size>03</size><data>41 04 69</data>'
2026-08-24 23:50:38,754  root       handle_response DEBUG    Write: '7E8 03 41 04 69 \r\r>'
2026-08-24 23:50:38,955  root       run             DEBUG    Received '010C'
2026-08-24 23:50:38,955  root       handle_request  DEBUG    Handling: '010C', header '7E0', ECU '7E0'
2026-08-24 23:50:38,955  root       handle_request  DEBUG    Description: Engine RPM, PID RPM (010C)
2026-08-24 23:50:38,955  root       handle_response DEBUG    Processing: '<header>7E8</header><size>04</size><data>41 0C 13 FB</data>'
2026-08-24 23:50:38,955  root       handle_response DEBUG    Write: '7E8 04 41 0C 13 FB \r\r>'
2026-08-24 23:50:38,955  root       run             DEBUG    Received '010D'
2026-08-24 23:50:38,955  root       handle_request  DEBUG    Handling: '010D', header '7E0', ECU '7E0'
2026-08-24 23:50:38,955  root       handle_request  DEBUG    Description: Vehicle Speed, PID SPEED (010D)
2026-08-24 23:50:38,956  root       handle_response DEBUG    Processing: '<header>7E8</header><size>03</size><data>41 0D 0E</data>'
2026-08-24 23:50:38,956  root       handle_response DEBUG    Write: '7E8 03 41 0D 0E \r\r>'
2026-08-24 23:50:38,956  root       run             DEBUG    Received '0104'
2026-08-24 23:50:38,956  root       handle_request  DEBUG    Handling: '0104', header '7E0', ECU '7E0'
2026-08-24 23:50:38,956  root       handle_request  DEBUG    Description: Calculated Engine Load, PID ENGINE_LOAD (0104)
2026-08-24 23:50:38,956  root       handle_response DEBUG    Processing: '<header>7E8</header><size>03</size><data>41 04 D6</data>'
2026-08-24 23:50:38,956  root       handle_response DEBUG    Write: '7E8 03 41 04 D6 \r\r>'
2026-08-24 23:50:39,156  root       run             DEBUG    Received '010C'
2026-08-24 23:50:39,157  root       handle_request  DEBUG    Handling: '010C', header '7E0', ECU '7E0'
2026-08-24 23:50:39,157  root       handle_request  DEBUG    Description: Engine RPM, PID RPM (010C)
2026-08-24 23:50:39,157  root       handle_response DEBUG    Processing: '<header>7E8</header><size>04</size><data>41 0C 3F 7A</data>'
2026-08-24 23:50:39,157  root       handle_response DEBUG    Write: '7E8 04 41 0C 3F 7A \r\r>'
2026-08-24 23:50:39,157  root       run             DEBUG    Received '010D'
2026-08-24 23:50:39,157  root       handle_request  DEBUG    Handling: '010D', header '7E0', ECU '7E0'
2026-08-24 23:50:39,157  root       handle_request  DEBUG    Description: Vehicle Speed, PID SPEED (010D)
2026-08-24 23:50:39,157  root       handle_response DEBUG    Processing: '<header>7E8</header><size>03</size><data>41 0D 0A</data>'
2026-08-24 23:50:39,158  root       handle_response DEBUG    Write: '7E8 03 41 0D 0A \r\r>'
2026-08-24 23:50:39,158  root       run             DEBUG    Received '0104'
2026-08-24 23:50:39,158  root       handle_request  DEBUG    Handling: '0104', header '7E0', ECU '7E0'
2026-08-24 23:50:39,158  root       handle_request  DEBUG    Description: Calculated Engine Load, PID ENGINE_LOAD (0104)
2026-08-24 23:50:39,158  root       handle_response DEBUG    Processing: '<header>7E8</header><size>03</size><data>41 04 41</data>'
2026-08-24 23:50:39,158  root       handle_response DEBUG    Write: '7E8 03 41 04 41 \r\r>'
2026-08-24 23:50:39,358  root       run             DEBUG    Received '010C'
2026-08-24 23:50:39,359  root       handle_request  DEBUG    Handling: '010C', header '7E0', ECU '7E0'
2026-08-24 23:50:39,359  root       handle_request  DEBUG    Description: Engine RPM, PID RPM (010C)
2026-08-24 23:50:39,359  root       handle_response DEBUG    Processing: '<header>7E8</header><size>04</size><data>41 0C 14 5F</data>'
2026-08-24 23:50:39,359  root       handle_response DEBUG    Write: '7E8 04 41 0C 14 5F \r\r>'
2026-08-24 23:50:39,359  root       run             DEBUG    Received '010D'
2026-08-24 23:50:39,359  root       handle_request  DEBUG    Handling: '010D', header '7E0', ECU '7E0'
2026-08-24 23:50:39,359  root       handle_request  DEBUG    Description: Vehicle Speed, PID SPEED (010D)
2026-08-24 23:50:39,359  root       handle_response DEBUG    Processing: '<header>7E8</header><size>03</size><data>41 0D 37</data>'
2026-08-24 23:50:39,359  root       handle_response DEBUG    Write: '7E8 03 41 0D 37 \r\r>'
2026-08-24 23:50:39,359  root       run             DEBUG    Received '0104'
2026-08-24 23:50:39,360  root       handle_request  DEBUG    Handling: '0104', header '7E0', ECU '7E0'
2026-08-24 23:50:39,360  root       handle_request  DEBUG    Description: Calculated Engine Load, PID ENGINE_LOAD (0104)
2026-08-24 23:50:39,360  root       handle_response DEBUG    Processing: '<header>7E8</header><size>03</size><data>41 04 FF</data>'
2026-08-24 23:50:39,360  root       handle_response DEBUG    Write: '7E8 03 41 04 FF \r\r>'
2026-08-24 23:50:39,560  root       run             DEBUG    Received '010C'
2026-08-24 23:50:39,560  root       handle_request  DEBUG    Handling: '010C', header '7E0', ECU '7E0'
2026-08-24 23:50:39,560  root       handle_request  DEBUG    Description: Engine RPM, PID RPM (010C)
2026-08-24 23:50:39,560  root       handle_response DEBUG    Processing: '<header>7E8</header><size>04</size><data>41 0C 00 00</data>'
2026-08-24 23:50:39,561  root       handle_response DEBUG    Write: '7E8 04 41 0C 00 00 \r\r>'
2026-08-24 23:50:39,561  root       run             DEBUG    Received '010D'
2026-08-24 23:50:39,561  root       handle_request  DEBUG    Handling: '010D', header '7E0', ECU '7E0'
2026-08-24 23:50:39,561  root       handle_request  DEBUG    Description: Vehicle Speed, PID SPEED (010D)
2026-08-24 23:50:39,561  root       handle_response DEBUG    Processing: '<header>7E8</header><size>03</size><data>41 0D 27</data>'
2026-08-24 23:50:39,561  root       handle_response DEBUG    Write: '7E8 03 41 0D 27 \r\r>'
2026-08-24 23:50:39,561  root       run             DEBUG    Received '0104'
2026-08-24 23:50:39,561  root       handle_request  DEBUG    Handling: '0104', header '7E0', ECU '7E0'
2026-08-24 23:50:39,562  root       handle_request  DEBUG    Description: Calculated Engine Load, PID ENGINE_LOAD (0104)
2026-08-24 23:50:39,562  root       handle_response DEBUG    Processing: '<header>7E8</header><size>03</size><data>41 04 57</data>'
2026-08-24 23:50:39,562  root       handle_response DEBUG    Write: '7E8 03 41 04 57 \r\r>'
2026-08-24 23:50:39,762  root       run             DEBUG    Received '010C'
2026-08-24 23:50:39,762  root       handle_request  DEBUG    Handling: '010C', header '7E0', ECU '7E0'
2026-08-24 23:50:39,762  root       handle_request  DEBUG    Description: Engine RPM, PID RPM (010C)
2026-08-24 23:50:39,763  root       handle_response DEBUG    Processing: '<header>7E8</header><size>04</size><data>41 0C 41 C2</data>'
2026-08-24 23:50:39,763  root       handle_response DEBUG    Write: '7E8 04 41 0C 41 C2 \r\r>'
2026-08-24 23:50:39,763  root       run             DEBUG    Received '010D'
2026-08-24 23:50:39,763  root       handle_request  DEBUG    Handling: '010D', header '7E0', ECU '7E0'
2026-08-24 23:50:39,763  root       handle_request  DEBUG    Description: Vehicle Speed, PID SPEED (010D)
2026-08-24 23:50:39,763  root       handle_response DEBUG    Processing: '<header>7E8</header><size>03</size><data>41 0D 33</data>'
2026-08-24 23:50:39,763  root       handle_response DEBUG    Write: '7E8 03 41 0D 33 \r\r>'
2026-08-24 23:50:39,763  root       run             DEBUG    Received '0104'
2026-08-24 23:50:39,763  root       handle_request  DEBUG    Handling: '0104', header '7E0', ECU '7E0'
2026-08-24 23:50:39,763  root       handle_request  DEBUG    Description: Calculated Engine Load, PID ENGINE_LOAD (0104)
2026-08-24 23:50:39,763  root       handle_response DEBUG    Processing: '<header>7E8</header><size>03</size><data>41 04 96</data>'
2026-08-24 23:50:39,763  root       handle_response DEBUG    Write: '7E8 03 41 04 96 \r\r>'
2026-08-24 23:50:39,964  root       run             DEBUG    Received '010C'
2026-08-24 23:50:39,964  root       handle_request  DEBUG    Handling: '010C', header '7E0', ECU '7E0'
2026-08-24 23:50:39,964  root       handle_request  DEBUG    Description: Engine RPM, PID RPM (010C)
2026-08-24 23:50:39,964  root       handle_response DEBUG    Processing: '<header>7E8</header><size>04</size><data>41 0C 35 CB</data>'
2026-08-24 23:50:39,964  root       handle_response DEBUG    Write: '7E8 04 41 0C 35 CB \r\r>'
2026-08-24 23:50:39,965  root       run             DEBUG    Received '010D'
2026-08-24 23:50:39,965  root       handle_request  DEBUG    Handling: '010D', header '7E0', ECU '7E0'
2026-08-24 23:50:39,965  root       handle_request  DEBUG    Description: Vehicle Speed, PID SPEED (010D)
2026-08-24 23:50:39,965  root       handle_response DEBUG    Processing: '<header>7E8</header><size>03</size><data>41 0D 00</data>'
2026-08-24 23:50:39,965  root       handle_response DEBUG    Write: '7E8 03 41 0D 00 \r\r>'
2026-08-24 23:50:39,965  root       run             DEBUG    Received '0104'
2026-08-24 23:50:39,965  root       handle_request  DEBUG    Handling: '0104', header '7E0', ECU '7E0'
2026-08-24 23:50:39,965  root       handle_request  DEBUG    Description: Calculated Engine Load, PID ENGINE_LOAD (0104)
2026-08-24 23:50:39,965  root       handle_response DEBUG    Processing: '<header>7E8</header><size>03</size><data>41 04 00</data><header>7EA</header><size>03</size><data>41 04 00</data>'
2026-08-24 23:50:39,965  root       handle_response DEBUG    Write: '7E8 03 41 04 00 \r7EA 03 41 04 00 \r\r>'
2026-08-24 23:50:40,166  root       run             DEBUG    Received '010C'
2026-08-24 23:50:40,166  root       handle_request  DEBUG    Handling: '010C', header '7E0', ECU '7E0'
2026-08-24 23:50:40,166  root       handle_request  DEBUG    Description: Engine RPM, PID RPM (010C)
2026-08-24 23:50:40,166  root       handle_response DEBUG    Processing: '<header>7E8</header><size>04</size><data>41 0C 14 46</data>'
2026-08-24 23:50:40,166  root       handle_response DEBUG    Write: '7E8 04 41 0C 14 46 \r\r>'
2026-08-24 23:50:40,167  root       run             DEBUG    Received '010D'
2026-08-24 23:50:40,167  root       handle_request  DEBUG    Handling: '010D', header '7E0', ECU '7E0'
2026-08-24 23:50:40,167  root       handle_request  DEBUG    Description: Vehicle Speed, PID SPEED (010D)
2026-08-24 23:50:40,167  root       handle_response DEBUG    Processing: '<header>7E8</header><size>03</size><data>41 0D 44</data>'
2026-08-24 23:50:40,167  root       handle_response DEBUG    Write: '7E8 03 41 0D 44 \r\r>'
2026-08-24 23:50:40,167  root       run             DEBUG    Received '0104'
2026-08-24 23:50:40,167  root       handle_request  DEBUG    Handling: '0104', header '7E0', ECU '7E0'
2026-08-24 23:50:40,167  root       handle_request  DEBUG    Description: Calculated Engine Load, PID ENGINE_LOAD (0104)
2026-08-24 23:50:40,167  root       handle_response DEBUG    Processing: '<header>7E8</header><size>03</size><data>41 04 56</data>'
2026-08-24 23:50:40,167  root       handle_response DEBUG    Write: '7E8 03 41 04 56 \r\r>'
2026-08-24 23:50:40,368  root       run             DEBUG    Received '010C'
2026-08-24 23:50:40,368  root       handle_request  DEBUG    Handling: '010C', header '7E0', ECU '7E0'
2026-08-24 23:50:40,368  root       handle_request  DEBUG    Description: Engine RPM, PID RPM (010C)
2026-08-24 23:50:40,368  root       handle_response DEBUG    Processing: '<header>7E8</header><size>04</size><data>41 0C 12 87</data>'
2026-08-24 23:50:40,368  root       handle_response DEBUG    Write: '7E8 04 41 0C 12 87 \r\r>'
2026-08-24 23:50:40,368  root       run             DEBUG    Received '010D'
2026-08-24 23:50:40,368  root       handle_request  DEBUG    Handling: '010D', header '7E0', ECU '7E0'
2026-08-24 23:50:40,368  root       handle_request  DEBUG    Description: Vehicle Speed, PID SPEED (010D)
2026-08-24 23:50:40,368  root       handle_response DEBUG    Processing: '<header>7E8</header><size>03</size><data>41 0D 5C</data>'
2026-08-24 23:50:40,368  root       handle_response DEBUG    Write: '7E8 03 41 0D 5C \r\r>'
2026-08-24 23:50:40,369  root       run             DEBUG    Received '0104'
2026-08-24 23:50:40,369  root       handle_request  DEBUG    Handling: '0104', header '7E0', ECU '7E0'
2026-08-24 23:50:40,369  root       handle_request  DEBUG    Description: Calculated Engine Load, PID ENGINE_LOAD (0104)
2026-08-24 23:50:40,369  root       handle_response DEBUG    Processing: '<header>7E8</header><size>03</size><data>41 04 64</data>'
2026-08-24 23:50:40,369  root       handle_response DEBUG    Write: '7E8 03 41 04 64 \r\r>'
2026-08-24 23:50:40,569  root       run             DEBUG    Received '010C'
2026-08-24 23:50:40,569  root       handle_request  DEBUG    Handling: '010C', header '7E0', ECU '7E0'
2026-08-24 23:50:40,569  root       handle_request  DEBUG    Description: Engine RPM, PID RPM (010C)
2026-08-24 23:50:40,570  root       handle_response DEBUG    Processing: '<header>7E8</header><size>04</size><data>41 0C 3B 2E</data>'
2026-08-24 23:50:40,570  root       handle_response DEBUG    Write: '7E8 04 41 0C 3B 2E \r\r>'
2026-08-24 23:50:40,570  root       run             DEBUG    Received '010D'
2026-08-24 23:50:40,570  root       handle_request  DEBUG    Handling: '010D', header '7E0', ECU '7E0'
2026-08-24 23:50:40,570  root       handle_request  DEBUG    Description: Vehicle Speed, PID SPEED (010D)
2026-08-24 23:50:40,570  root       handle_response DEBUG    Processing: '<header>7E8</header><size>03</size><data>41 0D 1D</data>'
2026-08-24 23:50:40,570  root       handle_response DEBUG    Write: '7E8 03 41 0D 1D \r\r>'
2026-08-24 23:50:40,570  root       run             DEBUG    Received '0104'
2026-08-24 23:50:40,570  root       handle_request  DEBUG    Handling: '0104', header '7E0', ECU '7E0'
2026-08-24 23:50:40,570  root       handle_request  DEBUG    Description: Calculated Engine Load, PID ENGINE_LOAD (0104)
2026-08-24 23:50:40,571  root       handle_response DEBUG    Processing: '<header>7E8</header><size>03</size><data>41 04 67</data>'
2026-08-24 23:50:40,571  root       handle_response DEBUG    Write: '7E8 03 41 04 67 \r\r>'
2026-08-24 23:50:40,771  root       run             DEBUG    Received '010C'
2026-08-24 23:50:40,772  root       handle_request  DEBUG    Handling: '010C', header '7E0', ECU '7E0'
2026-08-24 23:50:40,772  root       handle_request  DEBUG    Description: Engine RPM, PID RPM (010C)
2026-08-24 23:50:40,772  root       handle_response DEBUG    Processing: '<header>7E8</header><size>04</size><data>41 0C 15 2A</data>'
2026-08-24 23:50:40,772  root       handle_response DEBUG    Write: '7E8 04 41 0C 15 2A \r\r>'
2026-08-24 23:50:40,772  root       run             DEBUG    Received '010D'
2026-08-24 23:50:40,772  root       handle_request  DEBUG    Handling: '010D', header '7E0', ECU '7E0'
2026-08-24 23:50:40,772  root       handle_request  DEBUG    Description: Vehicle Speed, PID SPEED (010D)
2026-08-24 23:50:40,772  root       handle_response DEBUG    Processing: '<header>7E8</header><size>03</size><data>41 0D 72</data>'
2026-08-24 23:50:40,772  root       handle_response DEBUG    Write: '7E8 03 41 0D 72 \r\r>'
2026-08-24 23:50:40,772  root       run             DEBUG    Received '0104'
2026-08-24 23:50:40,772  root       handle_request  DEBUG    Handling: '0104', header '7E0', ECU '7E0'
2026-08-24 23:50:40,772  root       handle_request  DEBUG    Description: Calculated Engine Load, PID ENGINE_LOAD (0104)
2026-08-24 23:50:40,772  root       handle_response DEBUG    Processing: '<header>7E8</header><size>03</size><data>41 04 9F</data>'
2026-08-24 23:50:40,773  root       handle_response DEBUG    Write: '7E8 03 41 04 9F \r\r>'
2026-08-24 23:50:40,973  root       run             DEBUG    Received '010C'
2026-08-24 23:50:40,973  root       handle_request  DEBUG    Handling: '010C', header '7E0', ECU '7E0'
2026-08-24 23:50:40,973  root       handle_request  DEBUG    Description: Engine RPM, PID RPM (010C)
2026-08-24 23:50:40,973  root       handle_response DEBUG    Processing: '<header>7E8</header><size>04</size><data>41 0C 09 F6</data>'
2026-08-24 23:50:40,974  root       handle_response DEBUG    Write: '7E8 04 41 0C 09 F6 \r\r>'
2026-08-24 23:50:40,974  root       run             DEBUG    Received '010D'
2026-08-24 23:50:40,974  root       handle_request  DEBUG    Handling: '010D', header '7E0', ECU '7E0'
2026-08-24 23:50:40,974  root       handle_request  DEBUG    Description: Vehicle Speed, PID SPEED (010D)
2026-08-24 23:50:40,974  root       handle_response DEBUG    Processing: '<header>7E8</header><size>03</size><data>41 0D 48</data>'
2026-08-24 23:50:40,974  root       handle_response DEBUG    Write: '7E8 03 41 0D 48 \r\r>'
2026-08-24 23:50:40,975  root       run             DEBUG    Received '0104'
2026-08-24 23:50:40,975  root       handle_request  DEBUG    Handling: '0104', header '7E0', ECU '7E0'
2026-08-24 23:50:40,975  root       handle_request  DEBUG    Description: Calculated Engine Load, PID ENGINE_LOAD (0104)
2026-08-24 23:50:40,975  root       handle_response DEBUG    Processing: '<header>7E8</header><size>03</size><data>41 04 00</data>'
2026-08-24 23:50:40,975  root       handle_response DEBUG    Write: '7E8 03 41 04 00 \r\r>'
2026-08-24 23:50:41,176  root       run             DEBUG    Received '010C'
2026-08-24 23:50:41,176  root       handle_request  DEBUG    Handling: '010C', header '7E0', ECU '7E0'
2026-08-24 23:50:41,176  root       handle_request  DEBUG    Description: Engine RPM, PID RPM (010C)
2026-08-24 23:50:41,176  root       handle_response DEBUG    Processing: '<header>7E8</header><size>04</size><data>41 0C 23 82</data>'
2026-08-24 23:50:41,176  root       handle_response DEBUG    Write: '7E8 04 41 0C 23 82 \r\r>'
2026-08-24 23:50:41,176  root       run             DEBUG    Received '010D'
2026-08-24 23:50:41,176  root       handle_request  DEBUG    Handling: '010D', header '7E0', ECU '7E0'
2026-08-24 23:50:41,176  root       handle_request  DEBUG    Description: Vehicle Speed, PID SPEED (010D)
2026-08-24 23:50:41,176  root       handle_response DEBUG    Processing: '<header>7E8</header><size>03</size><data>41 0D 20</data>'
2026-08-24 23:50:41,176  root       handle_response DEBUG    Write: '7E8 03 41 0D 20 \r\r>'
2026-08-24 23:50:41,176  root       run             DEBUG    Received '0104'
2026-08-24 23:50:41,176  root       handle_request  DEBUG    Handling: '0104', header '7E0', ECU '7E0'
2026-08-24 23:50:41,177  root       handle_request  DEBUG    Description: Calculated Engine Load, PID ENGINE_LOAD (0104)
2026-08-24 23:50:41,177  root       handle_response DEBUG    Processing: '<header>7E8</header><size>03</size><data>41 04 98</data>'
2026-08-24 23:50:41,177  root       handle_response DEBUG    Write: '7E8 03 41 04 98 \r\r>'
2026-08-24 23:50:41,377  root       run             DEBUG    Received '010C'
2026-08-24 23:50:41,377  root       handle_request  DEBUG    Handling: '010C', header '7E0', ECU '7E0'
2026-08-24 23:50:41,377  root       handle_request  DEBUG    Description: Engine RPM, PID RPM (010C)
2026-08-24 23:50:41,378  root       handle_response DEBUG    Processing: '<header>7E8</header><size>04</size><data>41 0C 26 25</data>'
2026-08-24 23:50:41,378  root       handle_response DEBUG    Write: '7E8 04 41 0C 26 25 \r\r>'
2026-08-24 23:50:41,378  root       run             DEBUG    Received '010D'
2026-08-24 23:50:41,378  root       handle_request  DEBUG    Handling: '010D', header '7E0', ECU '7E0'
2026-08-24 23:50:41,378  root       handle_request  DEBUG    Description: Vehicle Speed, PID SPEED (010D)
2026-08-24 23:50:41,378  root       handle_response DEBUG    Processing: '<header>7E8</header><size>03</size><data>41 0D 29</data>'
2026-08-24 23:50:41,378  root       handle_response DEBUG    Write: '7E8 03 41 0D 29 \r\r>'
2026-08-24 23:50:41,378  root       run             DEBUG    Received '0104'
2026-08-24 23:50:41,378  root       handle_request  DEBUG    Handling: '0104', header '7E0', ECU '7E0'
2026-08-24 23:50:41,379  root       handle_request  DEBUG    Description: Calculated Engine Load, PID ENGINE_LOAD (0104)
2026-08-24 23:50:41,379  root       handle_response DEBUG    Processing: '<header>7E8</header><size>03</size><data>41 04 73</data>'
2026-08-24 23:50:41,379  root       handle_response DEBUG    Write: '7E8 03 41 04 73 \r\r>'
2026-08-24 23:50:41,579  root       run             DEBUG    Received '010C'
2026-08-24 23:50:41,579  root       handle_request  DEBUG    Handling: '010C', header '7E0', ECU '7E0'
2026-08-24 23:50:41,579  root       handle_request  DEBUG    Description: Engine RPM, PID RPM (010C)
2026-08-24 23:50:41,580  root       handle_response DEBUG    Processing: '<header>7E8</header><size>04</size><data>41 0C 18 9F</data>'
2026-08-24 23:50:41,580  root       handle_response DEBUG    Write: '7E8 04 41 0C 18 9F \r\r>'
2026-08-24 23:50:41,580  root       run             DEBUG    Received '010D'
2026-08-24 23:50:41,580  root       handle_request  DEBUG    Handling: '010D', header '7E0', ECU '7E0'
2026-08-24 23:50:41,580  root       handle_request  DEBUG    Description: Vehicle Speed, PID SPEED (010D)
2026-08-24 23:50:41,580  root       handle_response DEBUG    Processing: '<header>7E8</header><size>03</size><data>41 0D 0E</data>'
2026-08-24 23:50:41,580  root       handle_response DEBUG    Write: '7E8 03 41 0D 0E \r\r>'
2026-08-24 23:50:41,581  root       run             DEBUG    Received '0104'
2026-08-24 23:50:41,581  root       handle_request  DEBUG    Handling: '0104', header '7E0', ECU '7E0'
2026-08-24 23:50:41,581  root       handle_request  DEBUG    Description: Calculated Engine Load, PID ENGINE_LOAD (0104)
2026-08-24 23:50:41,581  root       handle_response DEBUG    Processing: '<header>7E8</header><size>03</size><data>41 04 69</data>'
2026-08-24 23:50:41,581  root       handle_response DEBUG    Write: '7E8 03 41 04 69 \r\r>'
2026-08-24 23:50:41,782  root       run             DEBUG    Received '010C'
2026-08-24 23:50:41,782  root       handle_request  DEBUG    Handling: '010C', header '7E0', ECU '7E0'
2026-08-24 23:50:41,782  root       handle_request  DEBUG    Description: Engine RPM, PID RPM (010C)
2026-08-24 23:50:41,782  root       handle_response DEBUG    Processing: '<header>7E8</header><size>04</size><data>41 0C 13 FB</data>'
2026-08-24 23:50:41,782  root       handle_response DEBUG    Write: '7E8 04 41 0C 13 FB \r\r>'
2026-08-24 23:50:41,782  root       run             DEBUG    Received '010D'
2026-08-24 23:50:41,783  root       handle_request  DEBUG    Handling: '010D', header '7E0', ECU '7E0'
2026-08-24 23:50:41,783  root       handle_request  DEBUG    Description: Vehicle Speed, PID SPEED (010D)
2026-08-24 23:50:41,783  root       handle_response DEBUG    Processing: '<header>7E8</header><size>03</size><data>41 0D 0A</data>'
2026-08-24 23:50:41,783  root       handle_response DEBUG    Write: '7E8 03 41 0D 0A \r\r>'
2026-08-24 23:50:41,783  root       run             DEBUG    Received '0104'
2026-08-24 23:50:41,783  root       handle_request  DEBUG    Handling: '0104', header '7E0', ECU '7E0'
2026-08-24 23:50:41,783  root       handle_request  DEBUG    Description: Calculated Engine Load, PID ENGINE_LOAD (0104)
2026-08-24 23:50:41,783  root       handle_response DEBUG    Processing: '<header>7E8</header><size>03</size><data>41 04 D6</data>'
2026-08-24 23:50:41,783  root       handle_response DEBUG    Write: '7E8 03 41 04 D6 \r\r>'
2026-08-24 23:50:41,984  root       run             DEBUG    Received '010C'
2026-08-24 23:50:41,984  root       handle_request  DEBUG    Handling: '010C', header '7E0', ECU '7E0'
2026-08-24 23:50:41,984  root       handle_request  DEBUG    Description: Engine RPM, PID RPM (010C)
2026-08-24 23:50:41,984  root       handle_response DEBUG    Processing: '<header>7E8</header><size>04</size><data>41 0C 3F 7A</data>'
2026-08-24 23:50:41,984  root       handle_response DEBUG    Write: '7E8 04 41 0C 3F 7A \r\r>'
2026-08-24 23:50:41,984  root       run             DEBUG    Received '010D'
2026-08-24 23:50:41,984  root       handle_request  DEBUG    Handling: '010D', header '7E0', ECU '7E0'
2026-08-24 23:50:41,984  root       handle_request  DEBUG    Description: Vehicle Speed, PID SPEED (010D)
2026-08-24 23:50:41,984  root       handle_response DEBUG    Processing: '<header>7E8</header><size>03</size><data>41 0D 37</data>'
2026-08-24 23:50:41,985  root       handle_response DEBUG    Write: '7E8 03 41 0D 37 \r\r>'
2026-08-24 23:50:41,985  root       run             DEBUG    Received '0104'
2026-08-24 23:50:41,985  root       handle_request  DEBUG    Handling: '0104', header '7E0', ECU '7E0'
2026-08-24 23:50:41,985  root       handle_request  DEBUG    Description: Calculated Engine Load, PID ENGINE_LOAD (0104)
2026-08-24 23:50:41,985  root       handle_response DEBUG    Processing: '<header>7E8</header><size>03</size><data>41 04 41</data>'
2026-08-24 23:50:41,985  root       handle_response DEBUG    Write: '7E8 03 41 04 41 \r\r>'
2026-08-24 23:50:42,185  root       run             DEBUG    Received '010C'
2026-08-24 23:50:42,185  root       handle_request  DEBUG    Handling: '010C', header '7E0', ECU '7E0'
2026-08-24 23:50:42,185  root       handle_request  DEBUG    Description: Engine RPM, PID RPM (010C)
2026-08-24 23:50:42,186  root       handle_response DEBUG    Processing: '<header>7E8</header><size>04</size><data>41 0C 14 5F</data>'
2026-08-24 23:50:42,186  root       handle_response DEBUG    Write: '7E8 04 41 0C 14 5F \r\r>'
2026-08-24 23:50:42,186  root       run             DEBUG    Received '010D'
2026-08-24 23:50:42,186  root       handle_request  DEBUG    Handling: '010D', header '7E0', ECU '7E0'
2026-08-24 23:50:42,186  root       handle_request  DEBUG    Description: Vehicle Speed, PID SPEED (010D)
2026-08-24 23:50:42,186  root       handle_response DEBUG    Processing: '<header>7E8</header><size>03</size><data>41 0D 27</data>'
2026-08-24 23:50:42,186  root       handle_response DEBUG    Write: '7E8 03 41 0D 27 \r\r>'
2026-08-24 23:50:42,186  root       run             DEBUG    Received '0104'
2026-08-24 23:50:42,186  root       handle_request  DEBUG    Handling: '0104', header '7E0', ECU '7E0'
2026-08-24 23:50:42,186  root       handle_request  DEBUG    Description: Calculated Engine Load, PID ENGINE_LOAD (0104)
2026-08-24 23:50:42,186  root       handle_response DEBUG    Processing: '<header>7E8</header><size>03</size><data>41 04 FF</data>'
2026-08-24 23:50:42,186  root       handle_response DEBUG    Write: '7E8 03 41 04 FF \r\r>'
2026-08-24 23:50:42,387  root       run             DEBUG    Received '010C'
2026-08-24 23:50:42,387  root       handle_request  DEBUG    Handling: '010C', header '7E0', ECU '7E0'
2026-08-24 23:50:42,387  root       handle_request  DEBUG    Description: Engine RPM, PID RPM (010C)
2026-08-24 23:50:42,387  root       handle_response DEBUG    Processing: '<header>7E8</header><size>04</size><data>41 0C 00 00</data>'
2026-08-24 23:50:42,387  root       handle_response DEBUG    Write: '7E8 04 41 0C 00 00 \r\r>'
2026-08-24 23:50:42,387  root       run             DEBUG    Received '010D'
2026-08-24 23:50:42,388  root       handle_request  DEBUG    Handling: '010D', header '7E0', ECU '7E0'
2026-08-24 23:50:42,388  root       handle_request  DEBUG    Description: Vehicle Speed, PID SPEED (010D)
2026-08-24 23:50:42,388  root       handle_response DEBUG    Processing: '<header>7E8</header><size>03</size><data>41 0D 33</data>'
2026-08-24 23:50:42,388  root       handle_response DEBUG    Write: '7E8 03 41 0D 33 \r\r>'
2026-08-24 23:50:42,388  root       run             DEBUG    Received '0104'
2026-08-24 23:50:42,388  root       handle_request  DEBUG    Handling: '0104', header '7E0', ECU '7E0'
2026-08-24 23:50:42,388  root       handle_request  DEBUG    Description: Calculated Engine Load, PID ENGINE_LOAD (0104)
2026-08-24 23:50:42,388  root       handle_response DEBUG    Processing: '<header>7E8</header><size>03</size><data>41 04 57</data>'
2026-08-24 23:50:42,388  root       handle_response DEBUG    Write: '7E8 03 41 04 57 \r\r>'
2026-08-24 23:50:42,589  root       run             DEBUG    Received '010C'
2026-08-24 23:50:42,589  root       handle_request  DEBUG    Handling: '010C', header '7E0', ECU '7E0'
2026-08-24 23:50:42,589  root       handle_request  DEBUG    Description: Engine RPM, PID RPM (010C)
2026-08-24 23:50:42,589  root       handle_response DEBUG    Processing: '<header>7E8</header><size>04</size><data>41 0C 41 C2</data>'
2026-08-24 23:50:42,589  root       handle_response DEBUG    Write: '7E8 04 41 0C 41 C2 \r\r>'
2026-08-24 23:50:42,589  root       run             DEBUG    Received '010D'
2026-08-24 23:50:42,589  root       handle_request  DEBUG    Handling: '010D', header '7E0', ECU '7E0'
2026-08-24 23:50:42,590  root       handle_request  DEBUG    Description: Vehicle Speed, PID SPEED (010D)
2026-08-24 23:50:42,590  root       handle_response DEBUG    Processing: '<header>7E8</header><size>03</size><data>41 0D 00</data>'
2026-08-24 23:50:42,590  root       handle_response DEBUG    Write: '7E8 03 41 0D 00 \r\r>'
2026-08-24 23:50:42,590  root       run             DEBUG    Received '0104'
2026-08-24 23:50:42,590  root       handle_request  DEBUG    Handling: '0104', header '7E0', ECU '7E0'
2026-08-24 23:50:42,590  root       handle_request  DEBUG    Description: Calculated Engine Load, PID ENGINE_LOAD (0104)
2026-08-24 23:50:42,590  root       handle_response DEBUG    Processing: '<header>7E8</header><size>03</size><data>41 04 96</data>'
2026-08-24 23:50:42,590  root       handle_response DEBUG    Write: '7E8 03 41 04 96 \r\r>'
2026-08-24 23:50:42,791  root       run             DEBUG    Received '010C'
2026-08-24 23:50:42,791  root       handle_request  DEBUG    Handling: '010C', header '7E0', ECU '7E0'
2026-08-24 23:50:42,791  root       handle_request  DEBUG    Description: Engine RPM, PID RPM (010C)
2026-08-24 23:50:42,791  root       handle_response DEBUG    Processing: '<header>7E8</header><size>04</size><data>41 0C 35 CB</data>'
2026-08-24 23:50:42,791  root       handle_response DEBUG    Write: '7E8 04 41 0C 35 CB \r\r>'
2026-08-24 23:50:42,791  root       run             DEBUG    Received '010D'
2026-08-24 23:50:42,791  root       handle_request  DEBUG    Handling: '010D', header '7E0', ECU '7E0'
2026-08-24 23:50:42,792  root       handle_request  DEBUG    Description: Vehicle Speed, PID SPEED (010D)
2026-08-24 23:50:42,792  root       handle_response DEBUG    Processing: '<header>7E8</header><size>03</size><data>41 0D 44</data>'
2026-08-24 23:50:42,792  root       handle_response DEBUG    Write: '7E8 03 41 0D 44 \r\r>'
2026-08-24 23:50:42,792  root       run             DEBUG    Received '0104'
2026-08-24 23:50:42,792  root       handle_request  DEBUG    Handling: '0104', header '7E0', ECU '7E0'
2026-08-24 23:50:42,792  root       handle_request  DEBUG    Description: Calculated Engine Load, PID ENGINE_LOAD (0104)
2026-08-24 23:50:42,792  root       handle_response DEBUG    Processing: '<header>7E8</header><size>03</size><data>41 04 00</data><header>7EA</header><size>03</size><data>41 04 00</data>'
2026-08-24 23:50:42,792  root       handle_response DEBUG    Write: '7E8 03 41 04 00 \r7EA 03 41 04 00 \r\r>'
2026-08-24 23:50:42,993  root       run             DEBUG    Received '010C'
2026-08-24 23:50:42,993  root       handle_request  DEBUG    Handling: '010C', header '7E0', ECU '7E0'
2026-08-24 23:50:42,993  root       handle_request  DEBUG    Description: Engine RPM, PID RPM (010C)
2026-08-24 23:50:42,993  root       handle_response DEBUG    Processing: '<header>7E8</header><size>04</size><data>41 0C 14 46</data>'
2026-08-24 23:50:42,993  root       handle_response DEBUG    Write: '7E8 04 41 0C 14 46 \r\r>'
2026-08-24 23:50:42,994  root       run             DEBUG    Received '010D'
2026-08-24 23:50:42,994  root       handle_request  DEBUG    Handling: '010D', header '7E0', ECU '7E0'
2026-08-24 23:50:42,994  root       handle_request  DEBUG    Description: Vehicle Speed, PID SPEED (010D)
2026-08-24 23:50:42,994  root       handle_response DEBUG    Processing: '<header>7E8</header><size>03</size><data>41 0D 5C</data>'
2026-08-24 23:50:42,994  root       handle_response DEBUG    Write: '7E8 03 41 0D 5C \r\r>'
2026-08-24 23:50:42,994  root       run             DEBUG    Received '0104'
2026-08-24 23:50:42,994  root       handle_request  DEBUG    Handling: '0104', header '7E0', ECU '7E0'
2026-08-24 23:50:42,994  root       handle_request  DEBUG    Description: Calculated Engine Load, PID ENGINE_LOAD (0104)
2026-08-24 23:50:42,994  root       handle_response DEBUG    Processing: '<header>7E8</header><size>03</size><data>41 04 56</data>'
2026-08-24 23:50:42,994  root       handle_response DEBUG    Write: '7E8 03 41 04 56 \r\r>'
2026-08-24 23:50:43,195  root       run             DEBUG    Received '010C'
2026-08-24 23:50:43,195  root       handle_request  DEBUG    Handling: '010C', header '7E0', ECU '7E0'
2026-08-24 23:50:43,195  root       handle_request  DEBUG    Description: Engine RPM, PID RPM (010C)
2026-08-24 23:50:43,195  root       handle_response DEBUG    Processing: '<header>7E8</header><size>04</size><data>41 0C 12 87</data>'
2026-08-24 23:50:43,196  root       handle_response DEBUG    Write: '7E8 04 41 0C 12 87 \r\r>'
2026-08-24 23:50:43,196  root       run             DEBUG    Received '010D'
2026-08-24 23:50:43,196  root       handle_request  DEBUG    Handling: '010D', header '7E0', ECU '7E0'
2026-08-24 23:50:43,196  root       handle_request  DEBUG    Description: Vehicle Speed, PID SPEED (010D)
2026-08-24 23:50:43,196  root       handle_response DEBUG    Processing: '<header>7E8</header><size>03</size><data>41 0D 1D</data>'
2026-08-24 23:50:43,196  root       handle_response DEBUG    Write: '7E8 03 41 0D 1D \r\r>'
2026-08-24 23:50:43,196  root       run             DEBUG    Received '0104'
2026-08-24 23:50:43,196  root       handle_request  DEBUG    Handling: '0104', header '7E0', ECU '7E0'
2026-08-24 23:50:43,196  root       handle_request  DEBUG    Description: Calculated Engine Load, PID ENGINE_LOAD (0104)
2026-08-24 23:50:43,196  root       handle_response DEBUG    Processing: '<header>7E8</header><size>03</size><data>41 04 64</data>'
2026-08-24 23:50:43,197  root       handle_response DEBUG    Write: '7E8 03 41 04 64 \r\r>'
2026-08-24 23:50:43,397  root       run             DEBUG    Received '010C'
2026-08-24 23:50:43,397  root       handle_request  DEBUG    Handling: '010C', header '7E0', ECU '7E0'
2026-08-24 23:50:43,397  root       handle_request  DEBUG    Description: Engine RPM, PID RPM (010C)
2026-08-24 23:50:43,397  root       handle_response DEBUG    Processing: '<header>7E8</header><size>04</size><data>41 0C 3B 2E</data>'
2026-08-24 23:50:43,397  root       handle_response DEBUG    Write: '7E8 04 41 0C 3B 2E \r\r>'
2026-08-24 23:50:43,398  root       run             DEBUG    Received '010D'
2026-08-24 23:50:43,398  root       handle_request  DEBUG    Handling: '010D', header '7E0', ECU '7E0'
2026-08-24 23:50:43,398  root       handle_request  DEBUG    Description: Vehicle Speed, PID SPEED (010D)
2026-08-24 23:50:43,398  root       handle_response DEBUG    Processing: '<header>7E8</header><size>03</size><data>41 0D 72</data>'
2026-08-24 23:50:43,398  root       handle_response DEBUG    Write: '7E8 03 41 0D 72 \r\r>'
2026-08-24 23:50:43,398  root       run             DEBUG    Received '0104'
2026-08-24 23:50:43,398  root       handle_request  DEBUG    Handling: '0104', header '7E0', ECU '7E0'
2026-08-24 23:50:43,398  root       handle_request  DEBUG    Description: Calculated Engine Load, PID ENGINE_LOAD (0104)
2026-08-24 23:50:43,398  root       handle_response DEBUG    Processing: '<header>7E8</header><size>03</size><data>41 04 67</data>'
2026-08-24 23:50:43,398  root       handle_response DEBUG    Write: '7E8 03 41 04 67 \r\r>'
2026-08-24 23:50:43,599  root       run             DEBUG    Received '010C'
2026-08-24 23:50:43,599  root       handle_request  DEBUG    Handling: '010C', header '7E0', ECU '7E0'
2026-08-24 23:50:43,599  root       handle_request  DEBUG    Description: Engine RPM, PID RPM (010C)
2026-08-24 23:50:43,599  root       handle_response DEBUG    Processing: '<header>7E8</header><size>04</size><data>41 0C 15 2A</data>'
2026-08-24 23:50:43,599  root       handle_response DEBUG    Write: '7E8 04 41 0C 15 2A \r\r>'
2026-08-24 23:50:43,600  root       run             DEBUG    Received '010D'
2026-08-24 23:50:43,600  root       handle_request  DEBUG    Handling: '010D', header '7E0', ECU '7E0'
2026-08-24 23:50:43,600  root       handle_request  DEBUG    Description: Vehicle Speed, PID SPEED (010D)
2026-08-24 23:50:43,600  root       handle_response DEBUG    Processing: '<header>7E8</header><size>03</size><data>41 0D 48</data>'
2026-08-24 23:50:43,600  root       handle_response DEBUG    Write: '7E8 03 41 0D 48 \r\r>'
2026-08-24 23:50:43,600  root       run             DEBUG    Received '0104'
2026-08-24 23:50:43,600  root       handle_request  DEBUG    Handling: '0104', header '7E0', ECU '7E0'
2026-08-24 23:50:43,600  root       handle_request  DEBUG    Description: Calculated Engine Load, PID ENGINE_LOAD (0104)
2026-08-24 23:50:43,600  root       handle_response DEBUG    Processing: '<header>7E8</header><size>03</size><data>41 04 9F</data>'
2026-08-24 23:50:43,600  root       handle_response DEBUG    Write: '7E8 03 41 04 9F \r\r>'
2026-08-24 23:50:43,801  root       run             DEBUG    Received '010C'
2026-08-24 23:50:43,801  root       handle_request  DEBUG    Handling: '010C', header '7E0', ECU '7E0'
2026-08-24 23:50:43,801  root       handle_request  DEBUG    Description: Engine RPM, PID RPM (010C)
2026-08-24 23:50:43,801  root       handle_response DEBUG    Processing: '<header>7E8</header><size>04</size><data>41 0C 09 F6</data>'
2026-08-24 23:50:43,801  root       handle_response DEBUG    Write: '7E8 04 41 0C 09 F6 \r\r>'
2026-08-24 23:50:43,801  root       run             DEBUG    Received '010D'
2026-08-24 23:50:43,801  root       handle_request  DEBUG    Handling: '010D', header '7E0', ECU '7E0'
2026-08-24 23:50:43,801  root       handle_request  DEBUG    Description: Vehicle Speed, PID SPEED (010D)
2026-08-24 23:50:43,801  root       handle_response DEBUG    Processing: '<header>7E8</header><size>03</size><data>41 0D 20</data>'
2026-08-24 23:50:43,801  root       handle_response DEBUG    Write: '7E8 03 41 0D 20 \r\r>'
2026-08-24 23:50:43,802  root       run             DEBUG    Received '0104'
2026-08-24 23:50:43,802  root       handle_request  DEBUG    Handling: '0104', header '7E0', ECU '7E0'
2026-08-24 23:50:43,802  root       handle_request  DEBUG    Description: Calculated Engine Load, PID ENGINE_LOAD (0104)
2026-08-24 23:50:43,802  root       handle_response DEBUG    Processing: '<header>7E8</header><size>03</size><data>41 04 00</data>'
2026-08-24 23:50:43,802  root       handle_response DEBUG    Write: '7E8 03 41 04 00 \r\r>'
2026-08-24 23:50:43,939  root       run             DEBUG    Received 'ATZ'
2026-08-24 23:50:43,939  root       handle_request  DEBUG    Handling: 'ATZ', header '7E0', ECU '7E0'
2026-08-24 23:50:43,939  root       handle_request  DEBUG    Description: AT RESET, PID AT_RESET (ATZ)
2026-08-24 23:50:43,940  root       reset           DEBUG    Resetting counters and sleeping for 0.5 seconds
